{
  service: 'api',
  code: 'ECONNREFUSED',
  level: 'error',
  message: 'Redis error',
  stack: 'AggregateError\n' +
    '    at internalConnectMultiple (node:net:1122:18)\n' +
    '    at afterConnectMultiple (node:net:1689:7)',
  timestamp: '2026-04-30T12:57:07.387Z'
}
{
  service: 'api',
  code: 'ECONNREFUSED',
  level: 'error',
  message: 'Redis error',
  stack: 'AggregateError\n' +
    '    at internalConnectMultiple (node:net:1122:18)\n' +
    '    at afterConnectMultiple (node:net:1689:7)',
  timestamp: '2026-04-30T12:57:07.443Z'
}
{
  service: 'api',
  code: 'ECONNREFUSED',
  level: 'error',
  message: 'Redis error',
  stack: 'AggregateError\n' +
    '    at internalConnectMultiple (node:net:1122:18)\n' +
    '    at afterConnectMultiple (node:net:1689:7)',
  timestamp: '2026-04-30T12:57:07.558Z'
}
{
  service: 'api',
  code: 'ECONNREFUSED',
  level: 'error',
  message: 'Redis error',
  stack: 'AggregateError\n' +
    '    at internalConnectMultiple (node:net:1122:18)\n' +
    '    at afterConnectMultiple (node:net:1689:7)',
  timestamp: '2026-04-30T12:57:07.723Z'
}
{
  service: 'api',
  code: 'ECONNREFUSED',
  level: 'error',
  message: 'Redis error',
  stack: 'AggregateError\n' +
    '    at internalConnectMultiple (node:net:1122:18)\n' +
    '    at afterConnectMultiple (node:net:1689:7)\n' +
    '    at TCPConnectWrap.callbackTrampoline (node:internal/async_hooks:130:17)',
  timestamp: '2026-04-30T12:57:07.930Z'
}
{
  service: 'api',
  code: 'ECONNREFUSED',
  level: 'error',
  message: 'Redis error',
  stack: 'AggregateError\n' +
    '    at internalConnectMultiple (node:net:1122:18)\n' +
    '    at afterConnectMultiple (node:net:1689:7)\n' +
    '    at TCPConnectWrap.callbackTrampoline (node:internal/async_hooks:130:17)',
  timestamp: '2026-04-30T12:57:08.191Z'
}
{
  service: 'api',
  code: 'ECONNREFUSED',
  level: 'error',
  message: 'Redis error',
  stack: 'AggregateError\n' +
    '    at internalConnectMultiple (node:net:1122:18)\n' +
    '    at afterConnectMultiple (node:net:1689:7)\n' +
    '    at TCPConnectWrap.callbackTrampoline (node:internal/async_hooks:130:17)',
  timestamp: '2026-04-30T12:57:08.497Z'
}
{
  service: 'api',
  code: 'ECONNREFUSED',
  level: 'error',
  message: 'Redis error',
  stack: 'AggregateError\n' +
    '    at internalConnectMultiple (node:net:1122:18)\n' +
    '    at afterConnectMultiple (node:net:1689:7)\n' +
    '    at TCPConnectWrap.callbackTrampoline (node:internal/async_hooks:130:17)',
  timestamp: '2026-04-30T12:57:08.857Z'
}
{
  service: 'api',
  code: 'ECONNREFUSED',
  level: 'error',
  message: 'Redis error',
  stack: 'AggregateError\n' +
    '    at internalConnectMultiple (node:net:1122:18)\n' +
    '    at afterConnectMultiple (node:net:1689:7)\n' +
    '    at TCPConnectWrap.callbackTrampoline (node:internal/async_hooks:130:17)',
  timestamp: '2026-04-30T12:57:09.271Z'
}
{
  service: 'api',
  code: 'ECONNREFUSED',
  level: 'error',
  message: 'Redis error',
  stack: 'AggregateError\n' +
    '    at internalConnectMultiple (node:net:1122:18)\n' +
    '    at afterConnectMultiple (node:net:1689:7)\n' +
    '    at TCPConnectWrap.callbackTrampoline (node:internal/async_hooks:130:17)',
  timestamp: '2026-04-30T12:57:09.740Z'
}
{
  service: 'api',
  code: 'ECONNREFUSED',
  level: 'error',
  message: 'Redis error',
  stack: 'AggregateError\n' +
    '    at internalConnectMultiple (node:net:1122:18)\n' +
    '    at afterConnectMultiple (node:net:1689:7)\n' +
    '    at TCPConnectWrap.callbackTrampoline (node:internal/async_hooks:130:17)',
  timestamp: '2026-04-30T12:57:10.256Z'
}
{
  service: 'api',
  code: 'ECONNREFUSED',
  level: 'error',
  message: 'Redis error',
  stack: 'AggregateError\n' +
    '    at internalConnectMultiple (node:net:1122:18)\n' +
    '    at afterConnectMultiple (node:net:1689:7)\n' +
    '    at TCPConnectWrap.callbackTrampoline (node:internal/async_hooks:130:17)',
  timestamp: '2026-04-30T12:57:10.823Z'
}
{
  service: 'api',
  code: 'ECONNREFUSED',
  level: 'error',
  message: 'Redis error',
  stack: 'AggregateError\n' +
    '    at internalConnectMultiple (node:net:1122:18)\n' +
    '    at afterConnectMultiple (node:net:1689:7)\n' +
    '    at TCPConnectWrap.callbackTrampoline (node:internal/async_hooks:130:17)',
  timestamp: '2026-04-30T12:57:11.439Z'
}
{
  service: 'api',
  code: 'ECONNREFUSED',
  level: 'error',
  message: 'Redis error',
  stack: 'AggregateError\n' +
    '    at internalConnectMultiple (node:net:1122:18)\n' +
    '    at afterConnectMultiple (node:net:1689:7)\n' +
    '    at TCPConnectWrap.callbackTrampoline (node:internal/async_hooks:130:17)',
  timestamp: '2026-04-30T12:57:12.106Z'
}
{
  service: 'api',
  code: 'ECONNREFUSED',
  level: 'error',
  message: 'Redis error',
  stack: 'AggregateError\n' +
    '    at internalConnectMultiple (node:net:1122:18)\n' +
    '    at afterConnectMultiple (node:net:1689:7)\n' +
    '    at TCPConnectWrap.callbackTrampoline (node:internal/async_hooks:130:17)',
  timestamp: '2026-04-30T12:57:12.822Z'
}
{
  service: 'api',
  code: 'ECONNREFUSED',
  level: 'error',
  message: 'Redis error',
  stack: 'AggregateError\n' +
    '    at internalConnectMultiple (node:net:1122:18)\n' +
    '    at afterConnectMultiple (node:net:1689:7)\n' +
    '    at TCPConnectWrap.callbackTrampoline (node:internal/async_hooks:130:17)',
  timestamp: '2026-04-30T12:57:13.591Z'
}
{
  service: 'api',
  code: 'ECONNREFUSED',
  level: 'error',
  message: 'Redis error',
  stack: 'AggregateError\n' +
    '    at internalConnectMultiple (node:net:1122:18)\n' +
    '    at afterConnectMultiple (node:net:1689:7)\n' +
    '    at TCPConnectWrap.callbackTrampoline (node:internal/async_hooks:130:17)',
  timestamp: '2026-04-30T12:57:14.405Z'
}
{
  service: 'api',
  code: 'ECONNREFUSED',
  level: 'error',
  message: 'Redis error',
  stack: 'AggregateError\n' +
    '    at internalConnectMultiple (node:net:1122:18)\n' +
    '    at afterConnectMultiple (node:net:1689:7)\n' +
    '    at TCPConnectWrap.callbackTrampoline (node:internal/async_hooks:130:17)',
  timestamp: '2026-04-30T12:57:15.272Z'
}
{
  service: 'api',
  code: 'ECONNREFUSED',
  level: 'error',
  message: 'Redis error',
  stack: 'AggregateError\n' +
    '    at internalConnectMultiple (node:net:1122:18)\n' +
    '    at afterConnectMultiple (node:net:1689:7)\n' +
    '    at TCPConnectWrap.callbackTrampoline (node:internal/async_hooks:130:17)',
  timestamp: '2026-04-30T12:57:16.187Z'
}
{
  service: 'api',
  code: 'ECONNREFUSED',
  level: 'error',
  message: 'Redis error',
  stack: 'AggregateError\n' +
    '    at internalConnectMultiple (node:net:1122:18)\n' +
    '    at afterConnectMultiple (node:net:1689:7)\n' +
    '    at TCPConnectWrap.callbackTrampoline (node:internal/async_hooks:130:17)',
  timestamp: '2026-04-30T12:57:17.154Z'
}
{
  service: 'api',
  code: 'ECONNREFUSED',
  level: 'error',
  message: 'Redis error',
  stack: 'AggregateError\n' +
    '    at internalConnectMultiple (node:net:1122:18)\n' +
    '    at afterConnectMultiple (node:net:1689:7)\n' +
    '    at TCPConnectWrap.callbackTrampoline (node:internal/async_hooks:130:17)',
  timestamp: '2026-04-30T12:57:18.170Z'
}
{
  service: 'api',
  code: 'ECONNREFUSED',
  level: 'error',
  message: 'Redis error',
  stack: 'AggregateError\n' +
    '    at internalConnectMultiple (node:net:1122:18)\n' +
    '    at afterConnectMultiple (node:net:1689:7)\n' +
    '    at TCPConnectWrap.callbackTrampoline (node:internal/async_hooks:130:17)',
  timestamp: '2026-04-30T12:57:19.235Z'
}
{
  service: 'api',
  code: 'ECONNREFUSED',
  level: 'error',
  message: 'Redis error',
  stack: 'AggregateError\n' +
    '    at internalConnectMultiple (node:net:1122:18)\n' +
    '    at afterConnectMultiple (node:net:1689:7)\n' +
    '    at TCPConnectWrap.callbackTrampoline (node:internal/async_hooks:130:17)',
  timestamp: '2026-04-30T12:57:20.352Z'
}
{
  service: 'api',
  code: 'ECONNREFUSED',
  level: 'error',
  message: 'Redis error',
  stack: 'AggregateError\n' +
    '    at internalConnectMultiple (node:net:1122:18)\n' +
    '    at afterConnectMultiple (node:net:1689:7)\n' +
    '    at TCPConnectWrap.callbackTrampoline (node:internal/async_hooks:130:17)',
  timestamp: '2026-04-30T12:57:21.518Z'
}
{
  service: 'api',
  code: 'ECONNREFUSED',
  level: 'error',
  message: 'Redis error',
  stack: 'AggregateError\n' +
    '    at internalConnectMultiple (node:net:1122:18)\n' +
    '    at afterConnectMultiple (node:net:1689:7)\n' +
    '    at TCPConnectWrap.callbackTrampoline (node:internal/async_hooks:130:17)',
  timestamp: '2026-04-30T12:57:22.735Z'
}
{
  service: 'api',
  code: 'ECONNREFUSED',
  level: 'error',
  message: 'Redis error',
  stack: 'AggregateError\n' +
    '    at internalConnectMultiple (node:net:1122:18)\n' +
    '    at afterConnectMultiple (node:net:1689:7)\n' +
    '    at TCPConnectWrap.callbackTrampoline (node:internal/async_hooks:130:17)',
  timestamp: '2026-04-30T12:57:24.001Z'
}
{
  service: 'api',
  code: 'ECONNREFUSED',
  level: 'error',
  message: 'Redis error',
  stack: 'AggregateError\n' +
    '    at internalConnectMultiple (node:net:1122:18)\n' +
    '    at afterConnectMultiple (node:net:1689:7)\n' +
    '    at TCPConnectWrap.callbackTrampoline (node:internal/async_hooks:130:17)',
  timestamp: '2026-04-30T12:57:25.318Z'
}
{
  service: 'api',
  code: 'ECONNREFUSED',
  level: 'error',
  message: 'Redis error',
  stack: 'AggregateError\n' +
    '    at internalConnectMultiple (node:net:1122:18)\n' +
    '    at afterConnectMultiple (node:net:1689:7)\n' +
    '    at TCPConnectWrap.callbackTrampoline (node:internal/async_hooks:130:17)',
  timestamp: '2026-04-30T12:57:26.684Z'
}
{
  service: 'api',
  code: 'ECONNREFUSED',
  level: 'error',
  message: 'Redis error',
  stack: 'AggregateError\n' +
    '    at internalConnectMultiple (node:net:1122:18)\n' +
    '    at afterConnectMultiple (node:net:1689:7)\n' +
    '    at TCPConnectWrap.callbackTrampoline (node:internal/async_hooks:130:17)',
  timestamp: '2026-04-30T12:57:28.100Z'
}
{
  service: 'api',
  code: 'ECONNREFUSED',
  level: 'error',
  message: 'Redis error',
  stack: 'AggregateError\n' +
    '    at internalConnectMultiple (node:net:1122:18)\n' +
    '    at afterConnectMultiple (node:net:1689:7)\n' +
    '    at TCPConnectWrap.callbackTrampoline (node:internal/async_hooks:130:17)',
  timestamp: '2026-04-30T12:57:29.566Z'
}
{
  service: 'api',
  code: 'ECONNREFUSED',
  level: 'error',
  message: 'Redis error',
  stack: 'AggregateError\n' +
    '    at internalConnectMultiple (node:net:1122:18)\n' +
    '    at afterConnectMultiple (node:net:1689:7)\n' +
    '    at TCPConnectWrap.callbackTrampoline (node:internal/async_hooks:130:17)',
  timestamp: '2026-04-30T12:57:31.082Z'
}
{
  service: 'api',
  code: 'ECONNREFUSED',
  level: 'error',
  message: 'Redis error',
  stack: 'AggregateError\n' +
    '    at internalConnectMultiple (node:net:1122:18)\n' +
    '    at afterConnectMultiple (node:net:1689:7)\n' +
    '    at TCPConnectWrap.callbackTrampoline (node:internal/async_hooks:130:17)',
  timestamp: '2026-04-30T12:57:32.648Z'
}
{
  service: 'api',
  code: 'ECONNREFUSED',
  level: 'error',
  message: 'Redis error',
  stack: 'AggregateError\n' +
    '    at internalConnectMultiple (node:net:1122:18)\n' +
    '    at afterConnectMultiple (node:net:1689:7)\n' +
    '    at TCPConnectWrap.callbackTrampoline (node:internal/async_hooks:130:17)',
  timestamp: '2026-04-30T12:57:34.263Z'
}
{
  service: 'api',
  code: 'ECONNREFUSED',
  level: 'error',
  message: 'Redis error',
  stack: 'AggregateError\n' +
    '    at internalConnectMultiple (node:net:1122:18)\n' +
    '    at afterConnectMultiple (node:net:1689:7)\n' +
    '    at TCPConnectWrap.callbackTrampoline (node:internal/async_hooks:130:17)',
  timestamp: '2026-04-30T12:57:35.931Z'
}
{
  service: 'api',
  code: 'ECONNREFUSED',
  level: 'error',
  message: 'Redis error',
  stack: 'AggregateError\n' +
    '    at internalConnectMultiple (node:net:1122:18)\n' +
    '    at afterConnectMultiple (node:net:1689:7)\n' +
    '    at TCPConnectWrap.callbackTrampoline (node:internal/async_hooks:130:17)',
  timestamp: '2026-04-30T12:57:38.119Z'
}
{
  service: 'api',
  code: 'ECONNREFUSED',
  level: 'error',
  message: 'Redis error',
  stack: 'AggregateError\n' +
    '    at internalConnectMultiple (node:net:1122:18)\n' +
    '    at afterConnectMultiple (node:net:1689:7)\n' +
    '    at TCPConnectWrap.callbackTrampoline (node:internal/async_hooks:130:17)',
  timestamp: '2026-04-30T12:57:39.879Z'
}
{
  service: 'api',
  code: 'ECONNREFUSED',
  level: 'error',
  message: 'Redis error',
  stack: 'AggregateError\n' +
    '    at internalConnectMultiple (node:net:1122:18)\n' +
    '    at afterConnectMultiple (node:net:1689:7)\n' +
    '    at TCPConnectWrap.callbackTrampoline (node:internal/async_hooks:130:17)',
  timestamp: '2026-04-30T12:57:41.695Z'
}
{
  service: 'api',
  code: 'ECONNREFUSED',
  level: 'error',
  message: 'Redis error',
  stack: 'AggregateError\n' +
    '    at internalConnectMultiple (node:net:1122:18)\n' +
    '    at afterConnectMultiple (node:net:1689:7)\n' +
    '    at TCPConnectWrap.callbackTrampoline (node:internal/async_hooks:130:17)',
  timestamp: '2026-04-30T12:57:43.562Z'
}
{
  service: 'api',
  code: 'ECONNREFUSED',
  level: 'error',
  message: 'Redis error',
  stack: 'AggregateError\n' +
    '    at internalConnectMultiple (node:net:1122:18)\n' +
    '    at afterConnectMultiple (node:net:1689:7)\n' +
    '    at TCPConnectWrap.callbackTrampoline (node:internal/async_hooks:130:17)',
  timestamp: '2026-04-30T12:57:45.473Z'
}
{
  service: 'api',
  code: 'ECONNREFUSED',
  level: 'error',
  message: 'Redis error',
  stack: 'AggregateError\n' +
    '    at internalConnectMultiple (node:net:1122:18)\n' +
    '    at afterConnectMultiple (node:net:1689:7)\n' +
    '    at TCPConnectWrap.callbackTrampoline (node:internal/async_hooks:130:17)',
  timestamp: '2026-04-30T12:57:47.442Z'
}
{
  service: 'api',
  code: 'ECONNREFUSED',
  level: 'error',
  message: 'Redis error',
  stack: 'AggregateError\n' +
    '    at internalConnectMultiple (node:net:1122:18)\n' +
    '    at afterConnectMultiple (node:net:1689:7)\n' +
    '    at TCPConnectWrap.callbackTrampoline (node:internal/async_hooks:130:17)',
  timestamp: '2026-04-30T12:57:49.458Z'
}
{
  service: 'api',
  code: 'ECONNREFUSED',
  level: 'error',
  message: 'Redis error',
  stack: 'AggregateError\n' +
    '    at internalConnectMultiple (node:net:1122:18)\n' +
    '    at afterConnectMultiple (node:net:1689:7)\n' +
    '    at TCPConnectWrap.callbackTrampoline (node:internal/async_hooks:130:17)',
  timestamp: '2026-04-30T12:57:51.474Z'
}
{
  service: 'api',
  code: 'ECONNREFUSED',
  level: 'error',
  message: 'Redis error',
  stack: 'AggregateError\n' +
    '    at internalConnectMultiple (node:net:1122:18)\n' +
    '    at afterConnectMultiple (node:net:1689:7)\n' +
    '    at TCPConnectWrap.callbackTrampoline (node:internal/async_hooks:130:17)',
  timestamp: '2026-04-30T12:57:53.514Z'
}
{
  service: 'api',
  code: 'ECONNREFUSED',
  level: 'error',
  message: 'Redis error',
  stack: 'AggregateError\n' +
    '    at internalConnectMultiple (node:net:1122:18)\n' +
    '    at afterConnectMultiple (node:net:1689:7)\n' +
    '    at TCPConnectWrap.callbackTrampoline (node:internal/async_hooks:130:17)',
  timestamp: '2026-04-30T12:57:55.522Z'
}
{
  service: 'api',
  code: 'ECONNREFUSED',
  level: 'error',
  message: 'Redis error',
  stack: 'AggregateError\n' +
    '    at internalConnectMultiple (node:net:1122:18)\n' +
    '    at afterConnectMultiple (node:net:1689:7)\n' +
    '    at TCPConnectWrap.callbackTrampoline (node:internal/async_hooks:130:17)',
  timestamp: '2026-04-30T12:57:57.546Z'
}
{
  service: 'api',
  code: 'ECONNREFUSED',
  level: 'error',
  message: 'Redis error',
  stack: 'AggregateError\n' +
    '    at internalConnectMultiple (node:net:1122:18)\n' +
    '    at afterConnectMultiple (node:net:1689:7)\n' +
    '    at TCPConnectWrap.callbackTrampoline (node:internal/async_hooks:130:17)',
  timestamp: '2026-04-30T12:57:59.562Z'
}
{
  service: 'api',
  code: 'ECONNREFUSED',
  level: 'error',
  message: 'Redis error',
  stack: 'AggregateError\n' +
    '    at internalConnectMultiple (node:net:1122:18)\n' +
    '    at afterConnectMultiple (node:net:1689:7)\n' +
    '    at TCPConnectWrap.callbackTrampoline (node:internal/async_hooks:130:17)',
  timestamp: '2026-04-30T12:58:01.577Z'
}
{
  service: 'api',
  code: 'ECONNREFUSED',
  level: 'error',
  message: 'Redis error',
  stack: 'AggregateError\n' +
    '    at internalConnectMultiple (node:net:1122:18)\n' +
    '    at afterConnectMultiple (node:net:1689:7)\n' +
    '    at TCPConnectWrap.callbackTrampoline (node:internal/async_hooks:130:17)',
  timestamp: '2026-04-30T12:58:03.594Z'
}
{
  service: 'api',
  code: 'ECONNREFUSED',
  level: 'error',
  message: 'Redis error',
  stack: 'AggregateError\n' +
    '    at internalConnectMultiple (node:net:1122:18)\n' +
    '    at afterConnectMultiple (node:net:1689:7)\n' +
    '    at TCPConnectWrap.callbackTrampoline (node:internal/async_hooks:130:17)',
  timestamp: '2026-04-30T12:58:05.610Z'
}
{
  service: 'api',
  code: 'ECONNREFUSED',
  level: 'error',
  message: 'Redis error',
  stack: 'AggregateError\n' +
    '    at internalConnectMultiple (node:net:1122:18)\n' +
    '    at afterConnectMultiple (node:net:1689:7)\n' +
    '    at TCPConnectWrap.callbackTrampoline (node:internal/async_hooks:130:17)',
  timestamp: '2026-04-30T12:58:07.621Z'
}
{
  service: 'api',
  code: 'ECONNREFUSED',
  level: 'error',
  message: 'Redis error',
  stack: 'AggregateError\n' +
    '    at internalConnectMultiple (node:net:1122:18)\n' +
    '    at afterConnectMultiple (node:net:1689:7)\n' +
    '    at TCPConnectWrap.callbackTrampoline (node:internal/async_hooks:130:17)',
  timestamp: '2026-04-30T12:58:09.624Z'
}
{
  service: 'api',
  code: 'ECONNREFUSED',
  level: 'error',
  message: 'Redis error',
  stack: 'AggregateError\n' +
    '    at internalConnectMultiple (node:net:1122:18)\n' +
    '    at afterConnectMultiple (node:net:1689:7)\n' +
    '    at TCPConnectWrap.callbackTrampoline (node:internal/async_hooks:130:17)',
  timestamp: '2026-04-30T12:58:11.640Z'
}
{
  service: 'api',
  code: 'ECONNREFUSED',
  level: 'error',
  message: 'Redis error',
  stack: 'AggregateError\n' +
    '    at internalConnectMultiple (node:net:1122:18)\n' +
    '    at afterConnectMultiple (node:net:1689:7)\n' +
    '    at TCPConnectWrap.callbackTrampoline (node:internal/async_hooks:130:17)',
  timestamp: '2026-04-30T12:58:13.656Z'
}
{
  service: 'api',
  code: 'ECONNREFUSED',
  level: 'error',
  message: 'Redis error',
  stack: 'AggregateError\n' +
    '    at internalConnectMultiple (node:net:1122:18)\n' +
    '    at afterConnectMultiple (node:net:1689:7)\n' +
    '    at TCPConnectWrap.callbackTrampoline (node:internal/async_hooks:130:17)',
  timestamp: '2026-04-30T12:58:15.672Z'
}
{
  service: 'api',
  code: 'ECONNREFUSED',
  level: 'error',
  message: 'Redis error',
  stack: 'AggregateError\n' +
    '    at internalConnectMultiple (node:net:1122:18)\n' +
    '    at afterConnectMultiple (node:net:1689:7)\n' +
    '    at TCPConnectWrap.callbackTrampoline (node:internal/async_hooks:130:17)',
  timestamp: '2026-04-30T12:58:17.688Z'
}
{
  service: 'api',
  code: 'ECONNREFUSED',
  level: 'error',
  message: 'Redis error',
  stack: 'AggregateError\n' +
    '    at internalConnectMultiple (node:net:1122:18)\n' +
    '    at afterConnectMultiple (node:net:1689:7)\n' +
    '    at TCPConnectWrap.callbackTrampoline (node:internal/async_hooks:130:17)',
  timestamp: '2026-04-30T12:58:19.793Z'
}
{
  service: 'api',
  code: 'ECONNREFUSED',
  level: 'error',
  message: 'Redis error',
  stack: 'AggregateError\n' +
    '    at internalConnectMultiple (node:net:1122:18)\n' +
    '    at afterConnectMultiple (node:net:1689:7)\n' +
    '    at TCPConnectWrap.callbackTrampoline (node:internal/async_hooks:130:17)',
  timestamp: '2026-04-30T12:58:21.803Z'
}
{
  service: 'api',
  code: 'ECONNREFUSED',
  level: 'error',
  message: 'Redis error',
  stack: 'AggregateError\n' +
    '    at internalConnectMultiple (node:net:1122:18)\n' +
    '    at afterConnectMultiple (node:net:1689:7)\n' +
    '    at TCPConnectWrap.callbackTrampoline (node:internal/async_hooks:130:17)',
  timestamp: '2026-04-30T12:58:23.819Z'
}
{
  service: 'api',
  code: 'ECONNREFUSED',
  level: 'error',
  message: 'Redis error',
  stack: 'AggregateError\n' +
    '    at internalConnectMultiple (node:net:1122:18)\n' +
    '    at afterConnectMultiple (node:net:1689:7)\n' +
    '    at TCPConnectWrap.callbackTrampoline (node:internal/async_hooks:130:17)',
  timestamp: '2026-04-30T12:58:25.835Z'
}
{
  service: 'api',
  code: 'ECONNREFUSED',
  level: 'error',
  message: 'Redis error',
  stack: 'AggregateError\n' +
    '    at internalConnectMultiple (node:net:1122:18)\n' +
    '    at afterConnectMultiple (node:net:1689:7)\n' +
    '    at TCPConnectWrap.callbackTrampoline (node:internal/async_hooks:130:17)',
  timestamp: '2026-04-30T12:58:27.851Z'
}
{
  service: 'api',
  code: 'ECONNREFUSED',
  level: 'error',
  message: 'Redis error',
  stack: 'AggregateError\n' +
    '    at internalConnectMultiple (node:net:1122:18)\n' +
    '    at afterConnectMultiple (node:net:1689:7)\n' +
    '    at TCPConnectWrap.callbackTrampoline (node:internal/async_hooks:130:17)',
  timestamp: '2026-04-30T12:58:29.865Z'
}
{
  service: 'api',
  code: 'ECONNREFUSED',
  level: 'error',
  message: 'Redis error',
  stack: 'AggregateError\n' +
    '    at internalConnectMultiple (node:net:1122:18)\n' +
    '    at afterConnectMultiple (node:net:1689:7)\n' +
    '    at TCPConnectWrap.callbackTrampoline (node:internal/async_hooks:130:17)',
  timestamp: '2026-04-30T12:58:31.884Z'
}
{
  service: 'api',
  code: 'ECONNREFUSED',
  level: 'error',
  message: 'Redis error',
  stack: 'AggregateError\n' +
    '    at internalConnectMultiple (node:net:1122:18)\n' +
    '    at afterConnectMultiple (node:net:1689:7)\n' +
    '    at TCPConnectWrap.callbackTrampoline (node:internal/async_hooks:130:17)',
  timestamp: '2026-04-30T12:58:33.899Z'
}
{
  service: 'api',
  code: 'ECONNREFUSED',
  level: 'error',
  message: 'Redis error',
  stack: 'AggregateError\n' +
    '    at internalConnectMultiple (node:net:1122:18)\n' +
    '    at afterConnectMultiple (node:net:1689:7)\n' +
    '    at TCPConnectWrap.callbackTrampoline (node:internal/async_hooks:130:17)',
  timestamp: '2026-04-30T12:58:35.914Z'
}
{
  service: 'api',
  code: 'ECONNREFUSED',
  level: 'error',
  message: 'Redis error',
  stack: 'AggregateError\n' +
    '    at internalConnectMultiple (node:net:1122:18)\n' +
    '    at afterConnectMultiple (node:net:1689:7)\n' +
    '    at TCPConnectWrap.callbackTrampoline (node:internal/async_hooks:130:17)',
  timestamp: '2026-04-30T12:58:37.930Z'
}
{
  service: 'api',
  code: 'ECONNREFUSED',
  level: 'error',
  message: 'Redis error',
  stack: 'AggregateError\n' +
    '    at internalConnectMultiple (node:net:1122:18)\n' +
    '    at afterConnectMultiple (node:net:1689:7)\n' +
    '    at TCPConnectWrap.callbackTrampoline (node:internal/async_hooks:130:17)',
  timestamp: '2026-04-30T12:58:39.946Z'
}
{
  service: 'api',
  code: 'ECONNREFUSED',
  level: 'error',
  message: 'Redis error',
  stack: 'AggregateError\n' +
    '    at internalConnectMultiple (node:net:1122:18)\n' +
    '    at afterConnectMultiple (node:net:1689:7)\n' +
    '    at TCPConnectWrap.callbackTrampoline (node:internal/async_hooks:130:17)',
  timestamp: '2026-04-30T12:58:41.962Z'
}
{
  service: 'api',
  code: 'ECONNREFUSED',
  level: 'error',
  message: 'Redis error',
  stack: 'AggregateError\n' +
    '    at internalConnectMultiple (node:net:1122:18)\n' +
    '    at afterConnectMultiple (node:net:1689:7)\n' +
    '    at TCPConnectWrap.callbackTrampoline (node:internal/async_hooks:130:17)',
  timestamp: '2026-04-30T12:58:43.978Z'
}
{
  service: 'api',
  code: 'ECONNREFUSED',
  level: 'error',
  message: 'Redis error',
  stack: 'AggregateError\n' +
    '    at internalConnectMultiple (node:net:1122:18)\n' +
    '    at afterConnectMultiple (node:net:1689:7)\n' +
    '    at TCPConnectWrap.callbackTrampoline (node:internal/async_hooks:130:17)',
  timestamp: '2026-04-30T12:58:45.981Z'
}
{
  service: 'api',
  code: 'ECONNREFUSED',
  level: 'error',
  message: 'Redis error',
  stack: 'AggregateError\n' +
    '    at internalConnectMultiple (node:net:1122:18)\n' +
    '    at afterConnectMultiple (node:net:1689:7)\n' +
    '    at TCPConnectWrap.callbackTrampoline (node:internal/async_hooks:130:17)',
  timestamp: '2026-04-30T12:58:47.988Z'
}
{
  service: 'api',
  code: 'ECONNREFUSED',
  level: 'error',
  message: 'Redis error',
  stack: 'AggregateError\n' +
    '    at internalConnectMultiple (node:net:1122:18)\n' +
    '    at afterConnectMultiple (node:net:1689:7)\n' +
    '    at TCPConnectWrap.callbackTrampoline (node:internal/async_hooks:130:17)',
  timestamp: '2026-04-30T12:58:49.992Z'
}
{
  service: 'api',
  code: 'ECONNREFUSED',
  level: 'error',
  message: 'Redis error',
  stack: 'AggregateError\n' +
    '    at internalConnectMultiple (node:net:1122:18)\n' +
    '    at afterConnectMultiple (node:net:1689:7)\n' +
    '    at TCPConnectWrap.callbackTrampoline (node:internal/async_hooks:130:17)',
  timestamp: '2026-04-30T12:58:51.999Z'
}
{
  service: 'api',
  code: 'ECONNREFUSED',
  level: 'error',
  message: 'Redis error',
  stack: 'AggregateError\n' +
    '    at internalConnectMultiple (node:net:1122:18)\n' +
    '    at afterConnectMultiple (node:net:1689:7)\n' +
    '    at TCPConnectWrap.callbackTrampoline (node:internal/async_hooks:130:17)',
  timestamp: '2026-04-30T12:58:54.006Z'
}
{
  service: 'api',
  code: 'ECONNREFUSED',
  level: 'error',
  message: 'Redis error',
  stack: 'AggregateError\n' +
    '    at internalConnectMultiple (node:net:1122:18)\n' +
    '    at afterConnectMultiple (node:net:1689:7)\n' +
    '    at TCPConnectWrap.callbackTrampoline (node:internal/async_hooks:130:17)',
  timestamp: '2026-04-30T12:58:56.025Z'
}
{
  service: 'api',
  code: 'ECONNREFUSED',
  level: 'error',
  message: 'Redis error',
  stack: 'AggregateError\n' +
    '    at internalConnectMultiple (node:net:1122:18)\n' +
    '    at afterConnectMultiple (node:net:1689:7)\n' +
    '    at TCPConnectWrap.callbackTrampoline (node:internal/async_hooks:130:17)',
  timestamp: '2026-04-30T12:58:58.036Z'
}
{
  service: 'api',
  code: 'ECONNREFUSED',
  level: 'error',
  message: 'Redis error',
  stack: 'AggregateError\n' +
    '    at internalConnectMultiple (node:net:1122:18)\n' +
    '    at afterConnectMultiple (node:net:1689:7)\n' +
    '    at TCPConnectWrap.callbackTrampoline (node:internal/async_hooks:130:17)',
  timestamp: '2026-04-30T12:59:00.041Z'
}
{
  service: 'api',
  message: 'Prisma error \n' +
    'Invalid `prisma.userSession.update()` invocation in\n' +
    'C:\\Users\\HP\\Documents\\NextJS Projects\\med-dash\\backend\\src\\services\\session.services.ts:20:29\n' +
    '\n' +
    '  17 // ─── Revoke Session ──────────────────────────────────────────\n' +
    '  18 \n' +
    '  19 export async function revokeSession(refreshToken: string) {\n' +
    '→ 20   return prisma.userSession.update(\n' +
    'An operation failed because it depends on one or more records that were required but not found. No record was found for an update.',
  target: 'userSession.update',
  timestamp: 2026-04-30T12:59:44.177Z,
  level: 'error'
}
{
  service: 'api',
  message: 'Prisma error \n' +
    'Invalid `prisma.userSession.update()` invocation in\n' +
    'C:\\Users\\HP\\Documents\\NextJS Projects\\med-dash\\backend\\src\\services\\session.services.ts:20:29\n' +
    '\n' +
    '  17 // ─── Revoke Session ──────────────────────────────────────────\n' +
    '  18 \n' +
    '  19 export async function revokeSession(refreshToken: string) {\n' +
    '→ 20   return prisma.userSession.update(\n' +
    'An operation failed because it depends on one or more records that were required but not found. No record was found for an update.',
  target: 'userSession.update',
  timestamp: 2026-04-30T13:44:27.917Z,
  level: 'error'
}
{
  service: 'api',
  message: 'Prisma error \n' +
    'Invalid `prisma.userSession.update()` invocation in\n' +
    'C:\\Users\\HP\\Documents\\NextJS Projects\\med-dash\\backend\\src\\services\\session.services.ts:20:29\n' +
    '\n' +
    '  17 // ─── Revoke Session ──────────────────────────────────────────\n' +
    '  18 \n' +
    '  19 export async function revokeSession(refreshToken: string) {\n' +
    '→ 20   return prisma.userSession.update(\n' +
    'An operation failed because it depends on one or more records that were required but not found. No record was found for an update.',
  target: 'userSession.update',
  timestamp: 2026-04-30T13:51:43.489Z,
  level: 'error'
}
{
  service: 'api',
  message: 'Prisma error \n' +
    'Invalid `prisma.userSession.update()` invocation in\n' +
    'C:\\Users\\HP\\Documents\\NextJS Projects\\med-dash\\backend\\src\\services\\session.services.ts:20:29\n' +
    '\n' +
    '  17 // ─── Revoke Session ──────────────────────────────────────────\n' +
    '  18 \n' +
    '  19 export async function revokeSession(refreshToken: string) {\n' +
    '→ 20   return prisma.userSession.update(\n' +
    'An operation failed because it depends on one or more records that were required but not found. No record was found for an update.',
  target: 'userSession.update',
  timestamp: 2026-04-30T13:55:27.592Z,
  level: 'error'
}
{
  service: 'api',
  message: 'Prisma error \n' +
    'Invalid `prisma.userSession.update()` invocation in\n' +
    'C:\\Users\\HP\\Documents\\NextJS Projects\\med-dash\\backend\\src\\services\\session.services.ts:20:29\n' +
    '\n' +
    '  17 // ─── Revoke Session ──────────────────────────────────────────\n' +
    '  18 \n' +
    '  19 export async function revokeSession(refreshToken: string) {\n' +
    '→ 20   return prisma.userSession.update(\n' +
    'An operation failed because it depends on one or more records that were required but not found. No record was found for an update.',
  target: 'userSession.update',
  timestamp: 2026-04-30T13:58:13.318Z,
  level: 'error'
}
{
  service: 'api',
  message: 'Prisma error \n' +
    'Invalid `prisma.userSession.update()` invocation in\n' +
    'C:\\Users\\HP\\Documents\\NextJS Projects\\med-dash\\backend\\src\\services\\session.services.ts:20:29\n' +
    '\n' +
    '  17 // ─── Revoke Session ──────────────────────────────────────────\n' +
    '  18 \n' +
    '  19 export async function revokeSession(refreshToken: string) {\n' +
    '→ 20   return prisma.userSession.update(\n' +
    'An operation failed because it depends on one or more records that were required but not found. No record was found for an update.',
  target: 'userSession.update',
  timestamp: 2026-04-30T14:03:44.330Z,
  level: 'error'
}
{
  service: 'api',
  message: 'Prisma error \n' +
    'Invalid `prisma.userSession.update()` invocation in\n' +
    'C:\\Users\\HP\\Documents\\NextJS Projects\\med-dash\\backend\\src\\services\\session.services.ts:20:29\n' +
    '\n' +
    '  17 // ─── Revoke Session ──────────────────────────────────────────\n' +
    '  18 \n' +
    '  19 export async function revokeSession(refreshToken: string) {\n' +
    '→ 20   return prisma.userSession.update(\n' +
    'An operation failed because it depends on one or more records that were required but not found. No record was found for an update.',
  target: 'userSession.update',
  timestamp: 2026-04-30T14:06:36.190Z,
  level: 'error'
}
{
  service: 'api',
  code: 401,
  message: 'SendGrid email error Unauthorized',
  response: {
    headers: Object [AxiosHeaders] {
      date: 'Sat, 02 May 2026 12:00:47 GMT',
      'content-type': 'application/json',
      'content-length': '116',
      connection: 'keep-alive',
      server: 'nginx',
      'access-control-allow-origin': 'https://sendgrid.api-docs.io',
      'access-control-allow-methods': 'POST',
      'access-control-allow-headers': 'Authorization, Content-Type, On-behalf-of, x-sg-elas-acl',
      'access-control-max-age': '600',
      'x-no-cors-reason': 'https://sendgrid.com/docs/Classroom/Basics/API/cors.html',
      'strict-transport-security': 'max-age=31536000; includeSubDomains',
      'content-security-policy': "frame-ancestors 'none'",
      'cache-control': 'no-cache',
      'x-content-type-options': 'no-sniff',
      'referrer-policy': 'strict-origin-when-cross-origin'
    },
    body: {
      errors: [
        {
          message: 'The provided authorization grant is invalid, expired, or revoked',
          field: null,
          help: null
        }
      ]
    }
  },
  level: 'error',
  stack: 'Error: Unauthorized\n' +
    '    at C:\\Users\\HP\\Documents\\NextJS Projects\\med-dash\\backend\\node_modules\\@sendgrid\\client\\src\\classes\\client.js:167:29\n' +
    '    at process.processTicksAndRejections (node:internal/process/task_queues:95:5)',
  timestamp: '2026-05-02T12:00:47.241Z'
}
{
  service: 'api',
  message: 'Prisma error \n' +
    'Invalid `prisma.userSession.findFirst()` invocation in\n' +
    'C:\\Users\\HP\\Documents\\NextJS Projects\\med-dash\\backend\\src\\services\\auth.service.ts:171:29\n' +
    '\n' +
    '  168 }\n' +
    '  169 \n' +
    '  170 export async function getValidSession(refreshToken: string) {\n' +
    '→ 171   return prisma.userSession.findFirst({\n' +
    '          where: {\n' +
    '            refreshToken: "eyJhbGciOiJIUzI1NiIsInR5cCI6IkpXVCJ9.eyJzdWIiOiJmYjY2MTlkMy1lOWYwLTRlNmItYjA1ZC04NDAyOTYzMzQyMjEiLCJpYXQiOjE3Nzc3MjYzMDYsImV4cCI6MTc3ODMzMTEwNn0.wQ7SvhDW46zrPRtwJ8hP34MjIho6jT_WiiamiUKE2Kk",\n' +
    '            isRevoked: false,\n' +
    '            expiresAt: {\n' +
    '              gt: new Date("2026-05-02T13:25:16.811Z")\n' +
    '            }\n' +
    '          },\n' +
    '          include: {\n' +
    '            user: {\n' +
    '              select: {\n' +
    '                id: true,\n' +
    '                email: true,\n' +
    '                role: true,\n' +
    '                status: true,\n' +
    '                ~~~~~~\n' +
    '        ?       firstName?: true,\n' +
    '        ?       lastName?: true,\n' +
    '        ?       phone?: true,\n' +
    '        ?       address?: true,\n' +
    '        ?       passwordHash?: true,\n' +
    '        ?       createdAt?: true,\n' +
    '        ?       doctor?: true,\n' +
    '        ?       bookings?: true,\n' +
    '        ?       userSessions?: true,\n' +
    '        ?       ipRestrictions?: true,\n' +
    '        ?       loginHistories?: true,\n' +
    '        ?       passwordResetTokens?: true,\n' +
    '        ?       auditLogs?: true,\n' +
    '        ?       _count?: true\n' +
    '              }\n' +
    '            }\n' +
    '          }\n' +
    '        })\n' +
    '\n' +
    'Unknown field `status` for select statement on model `User`. Available options are marked with ?.',
  target: 'userSession.findFirst',
  timestamp: 2026-05-02T13:25:17.250Z,
  level: 'error'
}
{
  service: 'api',
  message: 'Prisma error \n' +
    'Invalid `prisma.userSession.findFirst()` invocation in\n' +
    'C:\\Users\\HP\\Documents\\NextJS Projects\\med-dash\\backend\\src\\services\\auth.service.ts:171:29\n' +
    '\n' +
    '  168 }\n' +
    '  169 \n' +
    '  170 export async function getValidSession(refreshToken: string) {\n' +
    '→ 171   return prisma.userSession.findFirst({\n' +
    '          where: {\n' +
    '            refreshToken: "eyJhbGciOiJIUzI1NiIsInR5cCI6IkpXVCJ9.eyJzdWIiOiIwYTEyM2RjNC00NzFlLTRjZGEtYmMxMS1kOTQxOWJjYjgwNzciLCJpYXQiOjE3Nzc4MTE3MjgsImV4cCI6MTc3ODQxNjUyOH0.e2QcQWIeFrSYXKrX7nTl4jUlFESDXO7IyS3F9huGM5o",\n' +
    '            isRevoked: false,\n' +
    '            expiresAt: {\n' +
    '              gt: new Date("2026-05-03T13:02:57.252Z")\n' +
    '            }\n' +
    '          },\n' +
    '          include: {\n' +
    '            user: {\n' +
    '              select: {\n' +
    '                id: true,\n' +
    '                email: true,\n' +
    '                role: true,\n' +
    '                status: true,\n' +
    '                ~~~~~~\n' +
    '        ?       firstName?: true,\n' +
    '        ?       lastName?: true,\n' +
    '        ?       phone?: true,\n' +
    '        ?       address?: true,\n' +
    '        ?       passwordHash?: true,\n' +
    '        ?       createdAt?: true,\n' +
    '        ?       doctor?: true,\n' +
    '        ?       bookings?: true,\n' +
    '        ?       userSessions?: true,\n' +
    '        ?       ipRestrictions?: true,\n' +
    '        ?       loginHistories?: true,\n' +
    '        ?       passwordResetTokens?: true,\n' +
    '        ?       auditLogs?: true,\n' +
    '        ?       _count?: true\n' +
    '              }\n' +
    '            }\n' +
    '          }\n' +
    '        })\n' +
    '\n' +
    'Unknown field `status` for select statement on model `User`. Available options are marked with ?.',
  target: 'userSession.findFirst',
  timestamp: 2026-05-03T13:02:58.877Z,
  level: 'error'
}
{
  service: 'api',
  message: 'Prisma error \n' +
    'Invalid `prisma.userSession.findFirst()` invocation in\n' +
    'C:\\Users\\HP\\Documents\\NextJS Projects\\med-dash\\backend\\src\\services\\auth.service.ts:171:29\n' +
    '\n' +
    '  168 }\n' +
    '  169 \n' +
    '  170 export async function getValidSession(refreshToken: string) {\n' +
    '→ 171   return prisma.userSession.findFirst({\n' +
    '          where: {\n' +
    '            refreshToken: "eyJhbGciOiJIUzI1NiIsInR5cCI6IkpXVCJ9.eyJzdWIiOiJlMDM0OTE2My0xOTAxLTRmYjctOWIwMC1hNzU0NjViNDA3Y2QiLCJpYXQiOjE3Nzc4MTM1NDksImV4cCI6MTc3ODQxODM0OX0.nyn1UdXL7YYfibLuoZJA4aq2-JG8eC2uRBr6c3B5AqA",\n' +
    '            isRevoked: false,\n' +
    '            expiresAt: {\n' +
    '              gt: new Date("2026-05-03T14:27:03.932Z")\n' +
    '            }\n' +
    '          },\n' +
    '          include: {\n' +
    '            user: {\n' +
    '              select: {\n' +
    '                id: true,\n' +
    '                email: true,\n' +
    '                role: true,\n' +
    '                status: true,\n' +
    '                ~~~~~~\n' +
    '        ?       firstName?: true,\n' +
    '        ?       lastName?: true,\n' +
    '        ?       phone?: true,\n' +
    '        ?       address?: true,\n' +
    '        ?       passwordHash?: true,\n' +
    '        ?       createdAt?: true,\n' +
    '        ?       doctor?: true,\n' +
    '        ?       bookings?: true,\n' +
    '        ?       userSessions?: true,\n' +
    '        ?       ipRestrictions?: true,\n' +
    '        ?       loginHistories?: true,\n' +
    '        ?       passwordResetTokens?: true,\n' +
    '        ?       auditLogs?: true,\n' +
    '        ?       _count?: true\n' +
    '              }\n' +
    '            }\n' +
    '          }\n' +
    '        })\n' +
    '\n' +
    'Unknown field `status` for select statement on model `User`. Available options are marked with ?.',
  target: 'userSession.findFirst',
  timestamp: 2026-05-03T14:27:04.770Z,
  level: 'error'
}
{
  service: 'api',
  message: 'Prisma error \n' +
    'Invalid `prisma.userSession.findFirst()` invocation in\n' +
    'C:\\Users\\HP\\Documents\\NextJS Projects\\med-dash\\backend\\src\\services\\auth.service.ts:171:29\n' +
    '\n' +
    '  168 }\n' +
    '  169 \n' +
    '  170 export async function getValidSession(refreshToken: string) {\n' +
    '→ 171   return prisma.userSession.findFirst({\n' +
    '          where: {\n' +
    '            refreshToken: "eyJhbGciOiJIUzI1NiIsInR5cCI6IkpXVCJ9.eyJzdWIiOiJlMDM0OTE2My0xOTAxLTRmYjctOWIwMC1hNzU0NjViNDA3Y2QiLCJpYXQiOjE3Nzc4MTM1NDksImV4cCI6MTc3ODQxODM0OX0.nyn1UdXL7YYfibLuoZJA4aq2-JG8eC2uRBr6c3B5AqA",\n' +
    '            isRevoked: false,\n' +
    '            expiresAt: {\n' +
    '              gt: new Date("2026-05-03T14:27:26.073Z")\n' +
    '            }\n' +
    '          },\n' +
    '          include: {\n' +
    '            user: {\n' +
    '              select: {\n' +
    '                id: true,\n' +
    '                email: true,\n' +
    '                role: true,\n' +
    '                status: true,\n' +
    '                ~~~~~~\n' +
    '        ?       firstName?: true,\n' +
    '        ?       lastName?: true,\n' +
    '        ?       phone?: true,\n' +
    '        ?       address?: true,\n' +
    '        ?       passwordHash?: true,\n' +
    '        ?       createdAt?: true,\n' +
    '        ?       doctor?: true,\n' +
    '        ?       bookings?: true,\n' +
    '        ?       userSessions?: true,\n' +
    '        ?       ipRestrictions?: true,\n' +
    '        ?       loginHistories?: true,\n' +
    '        ?       passwordResetTokens?: true,\n' +
    '        ?       auditLogs?: true,\n' +
    '        ?       _count?: true\n' +
    '              }\n' +
    '            }\n' +
    '          }\n' +
    '        })\n' +
    '\n' +
    'Unknown field `status` for select statement on model `User`. Available options are marked with ?.',
  target: 'userSession.findFirst',
  timestamp: 2026-05-03T14:27:26.083Z,
  level: 'error'
}
{
  service: 'api',
  message: 'Prisma error \n' +
    'Invalid `prisma.userSession.findFirst()` invocation in\n' +
    'C:\\Users\\HP\\Documents\\NextJS Projects\\med-dash\\backend\\src\\services\\auth.service.ts:171:29\n' +
    '\n' +
    '  168 }\n' +
    '  169 \n' +
    '  170 export async function getValidSession(refreshToken: string) {\n' +
    '→ 171   return prisma.userSession.findFirst({\n' +
    '          where: {\n' +
    '            refreshToken: "eyJhbGciOiJIUzI1NiIsInR5cCI6IkpXVCJ9.eyJzdWIiOiJlMDM0OTE2My0xOTAxLTRmYjctOWIwMC1hNzU0NjViNDA3Y2QiLCJpYXQiOjE3Nzc4MTg0NjksImV4cCI6MTc3ODQyMzI2OX0._pzYXRUP02uB_AinHr_WgCLVmxPByYf7NZ5HH-bOogs",\n' +
    '            isRevoked: false,\n' +
    '            expiresAt: {\n' +
    '              gt: new Date("2026-05-03T14:43:57.548Z")\n' +
    '            }\n' +
    '          },\n' +
    '          include: {\n' +
    '            user: {\n' +
    '              select: {\n' +
    '                id: true,\n' +
    '                email: true,\n' +
    '                role: true,\n' +
    '                status: true,\n' +
    '                ~~~~~~\n' +
    '        ?       firstName?: true,\n' +
    '        ?       lastName?: true,\n' +
    '        ?       phone?: true,\n' +
    '        ?       address?: true,\n' +
    '        ?       passwordHash?: true,\n' +
    '        ?       createdAt?: true,\n' +
    '        ?       doctor?: true,\n' +
    '        ?       bookings?: true,\n' +
    '        ?       userSessions?: true,\n' +
    '        ?       ipRestrictions?: true,\n' +
    '        ?       loginHistories?: true,\n' +
    '        ?       passwordResetTokens?: true,\n' +
    '        ?       auditLogs?: true,\n' +
    '        ?       _count?: true\n' +
    '              }\n' +
    '            }\n' +
    '          }\n' +
    '        })\n' +
    '\n' +
    'Unknown field `status` for select statement on model `User`. Available options are marked with ?.',
  target: 'userSession.findFirst',
  timestamp: 2026-05-03T14:44:02.090Z,
  level: 'error'
}
{
  service: 'api',
  message: 'Prisma error \n' +
    'Invalid `prisma.userSession.findFirst()` invocation in\n' +
    'C:\\Users\\HP\\Documents\\NextJS Projects\\med-dash\\backend\\src\\services\\auth.service.ts:171:29\n' +
    '\n' +
    '  168 }\n' +
    '  169 \n' +
    '  170 export async function getValidSession(refreshToken: string) {\n' +
    '→ 171   return prisma.userSession.findFirst({\n' +
    '          where: {\n' +
    '            refreshToken: "eyJhbGciOiJIUzI1NiIsInR5cCI6IkpXVCJ9.eyJzdWIiOiJlMDM0OTE2My0xOTAxLTRmYjctOWIwMC1hNzU0NjViNDA3Y2QiLCJpYXQiOjE3Nzc4MTk0NTYsImV4cCI6MTc3ODQyNDI1Nn0.DMDBLIA87NMw3ybQmmljTof1oNBWETnPquafLcdUVFg",\n' +
    '            isRevoked: false,\n' +
    '            expiresAt: {\n' +
    '              gt: new Date("2026-05-03T15:22:15.768Z")\n' +
    '            }\n' +
    '          },\n' +
    '          include: {\n' +
    '            user: {\n' +
    '              select: {\n' +
    '                id: true,\n' +
    '                email: true,\n' +
    '                role: true,\n' +
    '                status: true,\n' +
    '                ~~~~~~\n' +
    '        ?       firstName?: true,\n' +
    '        ?       lastName?: true,\n' +
    '        ?       phone?: true,\n' +
    '        ?       address?: true,\n' +
    '        ?       passwordHash?: true,\n' +
    '        ?       createdAt?: true,\n' +
    '        ?       doctor?: true,\n' +
    '        ?       bookings?: true,\n' +
    '        ?       userSessions?: true,\n' +
    '        ?       ipRestrictions?: true,\n' +
    '        ?       loginHistories?: true,\n' +
    '        ?       passwordResetTokens?: true,\n' +
    '        ?       auditLogs?: true,\n' +
    '        ?       _count?: true\n' +
    '              }\n' +
    '            }\n' +
    '          }\n' +
    '        })\n' +
    '\n' +
    'Unknown field `status` for select statement on model `User`. Available options are marked with ?.',
  target: 'userSession.findFirst',
  timestamp: 2026-05-03T15:22:17.637Z,
  level: 'error'
}
{
  service: 'api',
  message: 'Prisma error \n' +
    'Invalid `prisma.userSession.findFirst()` invocation in\n' +
    'C:\\Users\\HP\\Documents\\NextJS Projects\\med-dash\\backend\\src\\services\\auth.service.ts:171:29\n' +
    '\n' +
    '  168 }\n' +
    '  169 \n' +
    '  170 export async function getValidSession(refreshToken: string) {\n' +
    '→ 171   return prisma.userSession.findFirst({\n' +
    '          where: {\n' +
    '            refreshToken: "eyJhbGciOiJIUzI1NiIsInR5cCI6IkpXVCJ9.eyJzdWIiOiJlMDM0OTE2My0xOTAxLTRmYjctOWIwMC1hNzU0NjViNDA3Y2QiLCJpYXQiOjE3Nzc4MjE3NDQsImV4cCI6MTc3ODQyNjU0NH0.xzCuyQ4OInsEIffAMtgMot9RR2UF1wwu3KqJmicl7zM",\n' +
    '            isRevoked: false,\n' +
    '            expiresAt: {\n' +
    '              gt: new Date("2026-05-03T15:37:55.173Z")\n' +
    '            }\n' +
    '          },\n' +
    '          include: {\n' +
    '            user: {\n' +
    '              select: {\n' +
    '                id: true,\n' +
    '                email: true,\n' +
    '                role: true,\n' +
    '                status: true,\n' +
    '                ~~~~~~\n' +
    '        ?       firstName?: true,\n' +
    '        ?       lastName?: true,\n' +
    '        ?       phone?: true,\n' +
    '        ?       address?: true,\n' +
    '        ?       passwordHash?: true,\n' +
    '        ?       createdAt?: true,\n' +
    '        ?       doctor?: true,\n' +
    '        ?       bookings?: true,\n' +
    '        ?       userSessions?: true,\n' +
    '        ?       ipRestrictions?: true,\n' +
    '        ?       loginHistories?: true,\n' +
    '        ?       passwordResetTokens?: true,\n' +
    '        ?       auditLogs?: true,\n' +
    '        ?       _count?: true\n' +
    '              }\n' +
    '            }\n' +
    '          }\n' +
    '        })\n' +
    '\n' +
    'Unknown field `status` for select statement on model `User`. Available options are marked with ?.',
  target: 'userSession.findFirst',
  timestamp: 2026-05-03T15:37:55.505Z,
  level: 'error'
}
{
  service: 'api',
  message: 'Prisma error \n' +
    'Invalid `prisma.userSession.findFirst()` invocation in\n' +
    'C:\\Users\\HP\\Documents\\NextJS Projects\\med-dash\\backend\\src\\services\\auth.service.ts:171:29\n' +
    '\n' +
    '  168 }\n' +
    '  169 \n' +
    '  170 export async function getValidSession(refreshToken: string) {\n' +
    '→ 171   return prisma.userSession.findFirst({\n' +
    '          where: {\n' +
    '            refreshToken: "eyJhbGciOiJIUzI1NiIsInR5cCI6IkpXVCJ9.eyJzdWIiOiJlMDM0OTE2My0xOTAxLTRmYjctOWIwMC1hNzU0NjViNDA3Y2QiLCJpYXQiOjE3Nzc4MjE3NDQsImV4cCI6MTc3ODQyNjU0NH0.xzCuyQ4OInsEIffAMtgMot9RR2UF1wwu3KqJmicl7zM",\n' +
    '            isRevoked: false,\n' +
    '            expiresAt: {\n' +
    '              gt: new Date("2026-05-03T15:40:19.774Z")\n' +
    '            }\n' +
    '          },\n' +
    '          include: {\n' +
    '            user: {\n' +
    '              select: {\n' +
    '                id: true,\n' +
    '                email: true,\n' +
    '                role: true,\n' +
    '                status: true,\n' +
    '                ~~~~~~\n' +
    '        ?       firstName?: true,\n' +
    '        ?       lastName?: true,\n' +
    '        ?       phone?: true,\n' +
    '        ?       address?: true,\n' +
    '        ?       passwordHash?: true,\n' +
    '        ?       createdAt?: true,\n' +
    '        ?       doctor?: true,\n' +
    '        ?       bookings?: true,\n' +
    '        ?       userSessions?: true,\n' +
    '        ?       ipRestrictions?: true,\n' +
    '        ?       loginHistories?: true,\n' +
    '        ?       passwordResetTokens?: true,\n' +
    '        ?       auditLogs?: true,\n' +
    '        ?       _count?: true\n' +
    '              }\n' +
    '            }\n' +
    '          }\n' +
    '        })\n' +
    '\n' +
    'Unknown field `status` for select statement on model `User`. Available options are marked with ?.',
  target: 'userSession.findFirst',
  timestamp: 2026-05-03T15:40:19.845Z,
  level: 'error'
}
{
  service: 'api',
  message: 'Prisma error \n' +
    'Invalid `prisma.userSession.findFirst()` invocation in\n' +
    'C:\\Users\\HP\\Documents\\NextJS Projects\\med-dash\\backend\\src\\services\\auth.service.ts:171:29\n' +
    '\n' +
    '  168 }\n' +
    '  169 \n' +
    '  170 export async function getValidSession(refreshToken: string) {\n' +
    '→ 171   return prisma.userSession.findFirst({\n' +
    '          where: {\n' +
    '            refreshToken: "eyJhbGciOiJIUzI1NiIsInR5cCI6IkpXVCJ9.eyJzdWIiOiJlMDM0OTE2My0xOTAxLTRmYjctOWIwMC1hNzU0NjViNDA3Y2QiLCJpYXQiOjE3Nzc4MjI4MjUsImV4cCI6MTc3ODQyNzYyNX0.P6GCpMODEW3ZN4OOTJqH1sYxkeJw1fmCBCfM-tdALnc",\n' +
    '            isRevoked: false,\n' +
    '            expiresAt: {\n' +
    '              gt: new Date("2026-05-03T15:56:52.312Z")\n' +
    '            }\n' +
    '          },\n' +
    '          include: {\n' +
    '            user: {\n' +
    '              select: {\n' +
    '                id: true,\n' +
    '                email: true,\n' +
    '                role: true,\n' +
    '                status: true,\n' +
    '                ~~~~~~\n' +
    '        ?       firstName?: true,\n' +
    '        ?       lastName?: true,\n' +
    '        ?       phone?: true,\n' +
    '        ?       address?: true,\n' +
    '        ?       passwordHash?: true,\n' +
    '        ?       createdAt?: true,\n' +
    '        ?       doctor?: true,\n' +
    '        ?       bookings?: true,\n' +
    '        ?       userSessions?: true,\n' +
    '        ?       ipRestrictions?: true,\n' +
    '        ?       loginHistories?: true,\n' +
    '        ?       passwordResetTokens?: true,\n' +
    '        ?       auditLogs?: true,\n' +
    '        ?       _count?: true\n' +
    '              }\n' +
    '            }\n' +
    '          }\n' +
    '        })\n' +
    '\n' +
    'Unknown field `status` for select statement on model `User`. Available options are marked with ?.',
  target: 'userSession.findFirst',
  timestamp: 2026-05-03T15:56:53.107Z,
  level: 'error'
}
{
  service: 'api',
  message: 'Prisma error \n' +
    'Invalid `prisma.userSession.findFirst()` invocation in\n' +
    'C:\\Users\\HP\\Documents\\NextJS Projects\\med-dash\\backend\\src\\services\\auth.service.ts:171:29\n' +
    '\n' +
    '  168 }\n' +
    '  169 \n' +
    '  170 export async function getValidSession(refreshToken: string) {\n' +
    '→ 171   return prisma.userSession.findFirst({\n' +
    '          where: {\n' +
    '            refreshToken: "eyJhbGciOiJIUzI1NiIsInR5cCI6IkpXVCJ9.eyJzdWIiOiJlMDM0OTE2My0xOTAxLTRmYjctOWIwMC1hNzU0NjViNDA3Y2QiLCJpYXQiOjE3Nzc4MjM4MjMsImV4cCI6MTc3ODQyODYyM30.mQ1ijlTxVIjDcGPM_aBdwG9zmxXqdz1_VktETI-aKi4",\n' +
    '            isRevoked: false,\n' +
    '            expiresAt: {\n' +
    '              gt: new Date("2026-05-03T17:01:46.853Z")\n' +
    '            }\n' +
    '          },\n' +
    '          include: {\n' +
    '            user: {\n' +
    '              select: {\n' +
    '                id: true,\n' +
    '                email: true,\n' +
    '                role: true,\n' +
    '                status: true,\n' +
    '                ~~~~~~\n' +
    '        ?       firstName?: true,\n' +
    '        ?       lastName?: true,\n' +
    '        ?       phone?: true,\n' +
    '        ?       address?: true,\n' +
    '        ?       passwordHash?: true,\n' +
    '        ?       createdAt?: true,\n' +
    '        ?       doctor?: true,\n' +
    '        ?       bookings?: true,\n' +
    '        ?       userSessions?: true,\n' +
    '        ?       ipRestrictions?: true,\n' +
    '        ?       loginHistories?: true,\n' +
    '        ?       passwordResetTokens?: true,\n' +
    '        ?       auditLogs?: true,\n' +
    '        ?       _count?: true\n' +
    '              }\n' +
    '            }\n' +
    '          }\n' +
    '        })\n' +
    '\n' +
    'Unknown field `status` for select statement on model `User`. Available options are marked with ?.',
  target: 'userSession.findFirst',
  timestamp: 2026-05-03T17:01:48.149Z,
  level: 'error'
}
{
  service: 'api',
  message: 'Prisma error \n' +
    'Invalid `prisma.userSession.findFirst()` invocation in\n' +
    'C:\\Users\\HP\\Documents\\NextJS Projects\\med-dash\\backend\\src\\services\\auth.service.ts:171:29\n' +
    '\n' +
    '  168 }\n' +
    '  169 \n' +
    '  170 export async function getValidSession(refreshToken: string) {\n' +
    '→ 171   return prisma.userSession.findFirst({\n' +
    '          where: {\n' +
    '            refreshToken: "eyJhbGciOiJIUzI1NiIsInR5cCI6IkpXVCJ9.eyJzdWIiOiJlMDM0OTE2My0xOTAxLTRmYjctOWIwMC1hNzU0NjViNDA3Y2QiLCJpYXQiOjE3Nzc4MjM4MjMsImV4cCI6MTc3ODQyODYyM30.mQ1ijlTxVIjDcGPM_aBdwG9zmxXqdz1_VktETI-aKi4",\n' +
    '            isRevoked: false,\n' +
    '            expiresAt: {\n' +
    '              gt: new Date("2026-05-03T17:06:49.472Z")\n' +
    '            }\n' +
    '          },\n' +
    '          include: {\n' +
    '            user: {\n' +
    '              select: {\n' +
    '                id: true,\n' +
    '                email: true,\n' +
    '                role: true,\n' +
    '                status: true,\n' +
    '                ~~~~~~\n' +
    '        ?       firstName?: true,\n' +
    '        ?       lastName?: true,\n' +
    '        ?       phone?: true,\n' +
    '        ?       address?: true,\n' +
    '        ?       passwordHash?: true,\n' +
    '        ?       createdAt?: true,\n' +
    '        ?       doctor?: true,\n' +
    '        ?       bookings?: true,\n' +
    '        ?       userSessions?: true,\n' +
    '        ?       ipRestrictions?: true,\n' +
    '        ?       loginHistories?: true,\n' +
    '        ?       passwordResetTokens?: true,\n' +
    '        ?       auditLogs?: true,\n' +
    '        ?       _count?: true\n' +
    '              }\n' +
    '            }\n' +
    '          }\n' +
    '        })\n' +
    '\n' +
    'Unknown field `status` for select statement on model `User`. Available options are marked with ?.',
  target: 'userSession.findFirst',
  timestamp: 2026-05-03T17:06:50.898Z,
  level: 'error'
}
{
  service: 'api',
  message: 'Prisma error \n' +
    'Invalid `prisma.userSession.findFirst()` invocation in\n' +
    'C:\\Users\\HP\\Documents\\NextJS Projects\\med-dash\\backend\\src\\services\\auth.service.ts:171:29\n' +
    '\n' +
    '  168 }\n' +
    '  169 \n' +
    '  170 export async function getValidSession(refreshToken: string) {\n' +
    '→ 171   return prisma.userSession.findFirst({\n' +
    '          where: {\n' +
    '            refreshToken: "eyJhbGciOiJIUzI1NiIsInR5cCI6IkpXVCJ9.eyJzdWIiOiJlMDM0OTE2My0xOTAxLTRmYjctOWIwMC1hNzU0NjViNDA3Y2QiLCJpYXQiOjE3Nzc4MjM4MjMsImV4cCI6MTc3ODQyODYyM30.mQ1ijlTxVIjDcGPM_aBdwG9zmxXqdz1_VktETI-aKi4",\n' +
    '            isRevoked: false,\n' +
    '            expiresAt: {\n' +
    '              gt: new Date("2026-05-03T17:25:30.179Z")\n' +
    '            }\n' +
    '          },\n' +
    '          include: {\n' +
    '            user: {\n' +
    '              select: {\n' +
    '                id: true,\n' +
    '                email: true,\n' +
    '                role: true,\n' +
    '                status: true,\n' +
    '                ~~~~~~\n' +
    '        ?       firstName?: true,\n' +
    '        ?       lastName?: true,\n' +
    '        ?       phone?: true,\n' +
    '        ?       address?: true,\n' +
    '        ?       passwordHash?: true,\n' +
    '        ?       createdAt?: true,\n' +
    '        ?       doctor?: true,\n' +
    '        ?       bookings?: true,\n' +
    '        ?       userSessions?: true,\n' +
    '        ?       ipRestrictions?: true,\n' +
    '        ?       loginHistories?: true,\n' +
    '        ?       passwordResetTokens?: true,\n' +
    '        ?       auditLogs?: true,\n' +
    '        ?       _count?: true\n' +
    '              }\n' +
    '            }\n' +
    '          }\n' +
    '        })\n' +
    '\n' +
    'Unknown field `status` for select statement on model `User`. Available options are marked with ?.',
  target: 'userSession.findFirst',
  timestamp: 2026-05-03T17:25:30.684Z,
  level: 'error'
}
{
  service: 'api',
  message: 'Prisma error \n' +
    'Invalid `prisma.userSession.findFirst()` invocation in\n' +
    'C:\\Users\\HP\\Documents\\NextJS Projects\\med-dash\\backend\\src\\services\\auth.service.ts:171:29\n' +
    '\n' +
    '  168 }\n' +
    '  169 \n' +
    '  170 export async function getValidSession(refreshToken: string) {\n' +
    '→ 171   return prisma.userSession.findFirst({\n' +
    '          where: {\n' +
    '            refreshToken: "eyJhbGciOiJIUzI1NiIsInR5cCI6IkpXVCJ9.eyJzdWIiOiJlMDM0OTE2My0xOTAxLTRmYjctOWIwMC1hNzU0NjViNDA3Y2QiLCJpYXQiOjE3Nzc4MjM4MjMsImV4cCI6MTc3ODQyODYyM30.mQ1ijlTxVIjDcGPM_aBdwG9zmxXqdz1_VktETI-aKi4",\n' +
    '            isRevoked: false,\n' +
    '            expiresAt: {\n' +
    '              gt: new Date("2026-05-03T17:26:08.864Z")\n' +
    '            }\n' +
    '          },\n' +
    '          include: {\n' +
    '            user: {\n' +
    '              select: {\n' +
    '                id: true,\n' +
    '                email: true,\n' +
    '                role: true,\n' +
    '                status: true,\n' +
    '                ~~~~~~\n' +
    '        ?       firstName?: true,\n' +
    '        ?       lastName?: true,\n' +
    '        ?       phone?: true,\n' +
    '        ?       address?: true,\n' +
    '        ?       passwordHash?: true,\n' +
    '        ?       createdAt?: true,\n' +
    '        ?       doctor?: true,\n' +
    '        ?       bookings?: true,\n' +
    '        ?       userSessions?: true,\n' +
    '        ?       ipRestrictions?: true,\n' +
    '        ?       loginHistories?: true,\n' +
    '        ?       passwordResetTokens?: true,\n' +
    '        ?       auditLogs?: true,\n' +
    '        ?       _count?: true\n' +
    '              }\n' +
    '            }\n' +
    '          }\n' +
    '        })\n' +
    '\n' +
    'Unknown field `status` for select statement on model `User`. Available options are marked with ?.',
  target: 'userSession.findFirst',
  timestamp: 2026-05-03T17:26:08.962Z,
  level: 'error'
}
{
  service: 'api',
  message: 'Prisma error \n' +
    'Invalid `prisma.userSession.findFirst()` invocation in\n' +
    'C:\\Users\\HP\\Documents\\NextJS Projects\\med-dash\\backend\\src\\services\\auth.service.ts:171:29\n' +
    '\n' +
    '  168 }\n' +
    '  169 \n' +
    '  170 export async function getValidSession(refreshToken: string) {\n' +
    '→ 171   return prisma.userSession.findFirst({\n' +
    '          where: {\n' +
    '            refreshToken: "eyJhbGciOiJIUzI1NiIsInR5cCI6IkpXVCJ9.eyJzdWIiOiJlMDM0OTE2My0xOTAxLTRmYjctOWIwMC1hNzU0NjViNDA3Y2QiLCJpYXQiOjE3Nzc4MjM4MjMsImV4cCI6MTc3ODQyODYyM30.mQ1ijlTxVIjDcGPM_aBdwG9zmxXqdz1_VktETI-aKi4",\n' +
    '            isRevoked: false,\n' +
    '            expiresAt: {\n' +
    '              gt: new Date("2026-05-03T17:28:22.356Z")\n' +
    '            }\n' +
    '          },\n' +
    '          include: {\n' +
    '            user: {\n' +
    '              select: {\n' +
    '                id: true,\n' +
    '                email: true,\n' +
    '                role: true,\n' +
    '                status: true,\n' +
    '                ~~~~~~\n' +
    '        ?       firstName?: true,\n' +
    '        ?       lastName?: true,\n' +
    '        ?       phone?: true,\n' +
    '        ?       address?: true,\n' +
    '        ?       passwordHash?: true,\n' +
    '        ?       createdAt?: true,\n' +
    '        ?       doctor?: true,\n' +
    '        ?       bookings?: true,\n' +
    '        ?       userSessions?: true,\n' +
    '        ?       ipRestrictions?: true,\n' +
    '        ?       loginHistories?: true,\n' +
    '        ?       passwordResetTokens?: true,\n' +
    '        ?       auditLogs?: true,\n' +
    '        ?       _count?: true\n' +
    '              }\n' +
    '            }\n' +
    '          }\n' +
    '        })\n' +
    '\n' +
    'Unknown field `status` for select statement on model `User`. Available options are marked with ?.',
  target: 'userSession.findFirst',
  timestamp: 2026-05-03T17:28:22.598Z,
  level: 'error'
}
{
  service: 'api',
  message: 'Prisma error \n' +
    'Invalid `prisma.userSession.findFirst()` invocation in\n' +
    'C:\\Users\\HP\\Documents\\NextJS Projects\\med-dash\\backend\\src\\services\\auth.service.ts:171:29\n' +
    '\n' +
    '  168 }\n' +
    '  169 \n' +
    '  170 export async function getValidSession(refreshToken: string) {\n' +
    '→ 171   return prisma.userSession.findFirst({\n' +
    '          where: {\n' +
    '            refreshToken: "eyJhbGciOiJIUzI1NiIsInR5cCI6IkpXVCJ9.eyJzdWIiOiJlMDM0OTE2My0xOTAxLTRmYjctOWIwMC1hNzU0NjViNDA3Y2QiLCJpYXQiOjE3Nzc4MzAxMDksImV4cCI6MTc3ODQzNDkwOX0.c-MtVJ3Lq3VMx8E87iOvj11E6kqkhg7mu-fTgLL8gNI",\n' +
    '            isRevoked: false,\n' +
    '            expiresAt: {\n' +
    '              gt: new Date("2026-05-03T17:59:48.980Z")\n' +
    '            }\n' +
    '          },\n' +
    '          include: {\n' +
    '            user: {\n' +
    '              select: {\n' +
    '                id: true,\n' +
    '                email: true,\n' +
    '                role: true,\n' +
    '                status: true,\n' +
    '                ~~~~~~\n' +
    '        ?       firstName?: true,\n' +
    '        ?       lastName?: true,\n' +
    '        ?       phone?: true,\n' +
    '        ?       address?: true,\n' +
    '        ?       passwordHash?: true,\n' +
    '        ?       createdAt?: true,\n' +
    '        ?       doctor?: true,\n' +
    '        ?       bookings?: true,\n' +
    '        ?       userSessions?: true,\n' +
    '        ?       ipRestrictions?: true,\n' +
    '        ?       loginHistories?: true,\n' +
    '        ?       passwordResetTokens?: true,\n' +
    '        ?       auditLogs?: true,\n' +
    '        ?       _count?: true\n' +
    '              }\n' +
    '            }\n' +
    '          }\n' +
    '        })\n' +
    '\n' +
    'Unknown field `status` for select statement on model `User`. Available options are marked with ?.',
  target: 'userSession.findFirst',
  timestamp: 2026-05-03T17:59:49.269Z,
  level: 'error'
}
{
  service: 'api',
  message: 'Prisma error \n' +
    'Invalid `prisma.userSession.findFirst()` invocation in\n' +
    'C:\\Users\\HP\\Documents\\NextJS Projects\\med-dash\\backend\\src\\services\\auth.service.ts:171:29\n' +
    '\n' +
    '  168 }\n' +
    '  169 \n' +
    '  170 export async function getValidSession(refreshToken: string) {\n' +
    '→ 171   return prisma.userSession.findFirst({\n' +
    '          where: {\n' +
    '            refreshToken: "eyJhbGciOiJIUzI1NiIsInR5cCI6IkpXVCJ9.eyJzdWIiOiIwYTEyM2RjNC00NzFlLTRjZGEtYmMxMS1kOTQxOWJjYjgwNzciLCJpYXQiOjE3Nzc4ODkzNjgsImV4cCI6MTc3ODQ5NDE2OH0.h4WAHPNQ2aUwE0VmqYt7TCRkdX9niZ3adeAN2zgwIVA",\n' +
    '            isRevoked: false,\n' +
    '            expiresAt: {\n' +
    '              gt: new Date("2026-05-04T13:12:35.556Z")\n' +
    '            }\n' +
    '          },\n' +
    '          include: {\n' +
    '            user: {\n' +
    '              select: {\n' +
    '                id: true,\n' +
    '                email: true,\n' +
    '                role: true,\n' +
    '                status: true,\n' +
    '                ~~~~~~\n' +
    '        ?       firstName?: true,\n' +
    '        ?       lastName?: true,\n' +
    '        ?       phone?: true,\n' +
    '        ?       address?: true,\n' +
    '        ?       passwordHash?: true,\n' +
    '        ?       createdAt?: true,\n' +
    '        ?       doctor?: true,\n' +
    '        ?       bookings?: true,\n' +
    '        ?       userSessions?: true,\n' +
    '        ?       ipRestrictions?: true,\n' +
    '        ?       loginHistories?: true,\n' +
    '        ?       passwordResetTokens?: true,\n' +
    '        ?       auditLogs?: true,\n' +
    '        ?       _count?: true\n' +
    '              }\n' +
    '            }\n' +
    '          }\n' +
    '        })\n' +
    '\n' +
    'Unknown field `status` for select statement on model `User`. Available options are marked with ?.',
  target: 'userSession.findFirst',
  timestamp: 2026-05-04T13:12:36.122Z,
  level: 'error'
}
{
  service: 'api',
  message: 'Prisma error \n' +
    'Invalid `prisma.userSession.findFirst()` invocation in\n' +
    'C:\\Users\\HP\\Documents\\NextJS Projects\\med-dash\\backend\\src\\services\\auth.service.ts:171:29\n' +
    '\n' +
    '  168 }\n' +
    '  169 \n' +
    '  170 export async function getValidSession(refreshToken: string) {\n' +
    '→ 171   return prisma.userSession.findFirst({\n' +
    '          where: {\n' +
    '            refreshToken: "eyJhbGciOiJIUzI1NiIsInR5cCI6IkpXVCJ9.eyJzdWIiOiJlMDM0OTE2My0xOTAxLTRmYjctOWIwMC1hNzU0NjViNDA3Y2QiLCJpYXQiOjE3Nzc5MDAzNzEsImV4cCI6MTc3ODUwNTE3MX0.LwR_nxxCw793UBdw9UOdBdYb-WyJFFBTgV7q08BBQ6A",\n' +
    '            isRevoked: false,\n' +
    '            expiresAt: {\n' +
    '              gt: new Date("2026-05-04T18:04:51.757Z")\n' +
    '            }\n' +
    '          },\n' +
    '          include: {\n' +
    '            user: {\n' +
    '              select: {\n' +
    '                id: true,\n' +
    '                email: true,\n' +
    '                role: true,\n' +
    '                status: true,\n' +
    '                ~~~~~~\n' +
    '        ?       firstName?: true,\n' +
    '        ?       lastName?: true,\n' +
    '        ?       phone?: true,\n' +
    '        ?       address?: true,\n' +
    '        ?       passwordHash?: true,\n' +
    '        ?       createdAt?: true,\n' +
    '        ?       doctor?: true,\n' +
    '        ?       bookings?: true,\n' +
    '        ?       userSessions?: true,\n' +
    '        ?       ipRestrictions?: true,\n' +
    '        ?       loginHistories?: true,\n' +
    '        ?       passwordResetTokens?: true,\n' +
    '        ?       auditLogs?: true,\n' +
    '        ?       _count?: true\n' +
    '              }\n' +
    '            }\n' +
    '          }\n' +
    '        })\n' +
    '\n' +
    'Unknown field `status` for select statement on model `User`. Available options are marked with ?.',
  target: 'userSession.findFirst',
  timestamp: 2026-05-04T18:04:52.110Z,
  level: 'error'
}
{
  service: 'api',
  message: 'Prisma error \n' +
    'Invalid `prisma.booking.count()` invocation in\n' +
    'C:\\Users\\HP\\Documents\\NextJS Projects\\med-dash\\backend\\src\\services\\booking.services.ts:135:20\n' +
    '\n' +
    "  132     createdAt: 'desc',\n" +
    '  133   },\n' +
    '  134 }),\n' +
    '→ 135 prisma.booking.count({\n' +
    '        select: {\n' +
    '          _count: {\n' +
    '            select: {\n' +
    '              _all: true\n' +
    '            }\n' +
    '          }\n' +
    '        },\n' +
    '        where: {\n' +
    '          slot: {\n' +
    '            doctorId: "58c92471-ae69-44c6-9de5-7f2c7202a609"\n' +
    '          },\n' +
    '          status: "COMPLETED"\n' +
    '                  ~~~~~~~~~~~\n' +
    '        }\n' +
    '      })\n' +
    '\n' +
    'Invalid value for argument `status`. Expected BookingStatus.',
  target: 'booking.count',
  timestamp: 2026-05-05T16:20:10.856Z,
  level: 'error'
}
{
  service: 'api',
  message: 'Prisma error \n' +
    'Invalid `prisma.booking.findMany()` invocation in\n' +
    'C:\\Users\\HP\\Documents\\NextJS Projects\\med-dash\\backend\\src\\services\\booking.services.ts:123:20\n' +
    '\n' +
    '  120 }\n' +
    '  121 \n' +
    '  122 const [data, total] = await Promise.all([\n' +
    '→ 123   prisma.booking.findMany({\n' +
    '          where: {\n' +
    '            slot: {\n' +
    '              doctorId: "58c92471-ae69-44c6-9de5-7f2c7202a609"\n' +
    '            },\n' +
    '            status: "COMPLETED"\n' +
    '                    ~~~~~~~~~~~\n' +
    '          },\n' +
    '          include: {\n' +
    '            user: true,\n' +
    '            slot: true\n' +
    '          },\n' +
    '          skip: 0,\n' +
    '          take: 20,\n' +
    '          orderBy: {\n' +
    '            createdAt: "desc"\n' +
    '          }\n' +
    '        })\n' +
    '\n' +
    'Invalid value for argument `status`. Expected BookingStatus.',
  target: 'booking.findMany',
  timestamp: 2026-05-05T16:20:10.872Z,
  level: 'error'
}
{
  service: 'api',
  message: 'Prisma error \n' +
    'Invalid `prisma.booking.count()` invocation in\n' +
    'C:\\Users\\HP\\Documents\\NextJS Projects\\med-dash\\backend\\src\\services\\booking.services.ts:135:20\n' +
    '\n' +
    "  132     createdAt: 'desc',\n" +
    '  133   },\n' +
    '  134 }),\n' +
    '→ 135 prisma.booking.count({\n' +
    '        select: {\n' +
    '          _count: {\n' +
    '            select: {\n' +
    '              _all: true\n' +
    '            }\n' +
    '          }\n' +
    '        },\n' +
    '        where: {\n' +
    '          slot: {\n' +
    '            doctorId: "58c92471-ae69-44c6-9de5-7f2c7202a609"\n' +
    '          },\n' +
    '          status: "COMPLETED"\n' +
    '                  ~~~~~~~~~~~\n' +
    '        }\n' +
    '      })\n' +
    '\n' +
    'Invalid value for argument `status`. Expected BookingStatus.',
  target: 'booking.count',
  timestamp: 2026-05-05T16:20:11.894Z,
  level: 'error'
}
{
  service: 'api',
  message: 'Prisma error \n' +
    'Invalid `prisma.booking.findMany()` invocation in\n' +
    'C:\\Users\\HP\\Documents\\NextJS Projects\\med-dash\\backend\\src\\services\\booking.services.ts:123:20\n' +
    '\n' +
    '  120 }\n' +
    '  121 \n' +
    '  122 const [data, total] = await Promise.all([\n' +
    '→ 123   prisma.booking.findMany({\n' +
    '          where: {\n' +
    '            slot: {\n' +
    '              doctorId: "58c92471-ae69-44c6-9de5-7f2c7202a609"\n' +
    '            },\n' +
    '            status: "COMPLETED"\n' +
    '                    ~~~~~~~~~~~\n' +
    '          },\n' +
    '          include: {\n' +
    '            user: true,\n' +
    '            slot: true\n' +
    '          },\n' +
    '          skip: 0,\n' +
    '          take: 20,\n' +
    '          orderBy: {\n' +
    '            createdAt: "desc"\n' +
    '          }\n' +
    '        })\n' +
    '\n' +
    'Invalid value for argument `status`. Expected BookingStatus.',
  target: 'booking.findMany',
  timestamp: 2026-05-05T16:20:11.903Z,
  level: 'error'
}
{
  service: 'api',
  message: 'Prisma error \n' +
    'Invalid `prisma.booking.count()` invocation in\n' +
    'C:\\Users\\HP\\Documents\\NextJS Projects\\med-dash\\backend\\src\\services\\booking.services.ts:135:20\n' +
    '\n' +
    "  132     createdAt: 'desc',\n" +
    '  133   },\n' +
    '  134 }),\n' +
    '→ 135 prisma.booking.count({\n' +
    '        select: {\n' +
    '          _count: {\n' +
    '            select: {\n' +
    '              _all: true\n' +
    '            }\n' +
    '          }\n' +
    '        },\n' +
    '        where: {\n' +
    '          slot: {\n' +
    '            doctorId: "58c92471-ae69-44c6-9de5-7f2c7202a609"\n' +
    '          },\n' +
    '          status: "COMPLETED"\n' +
    '                  ~~~~~~~~~~~\n' +
    '        }\n' +
    '      })\n' +
    '\n' +
    'Invalid value for argument `status`. Expected BookingStatus.',
  target: 'booking.count',
  timestamp: 2026-05-05T16:20:13.928Z,
  level: 'error'
}
{
  service: 'api',
  message: 'Prisma error \n' +
    'Invalid `prisma.booking.findMany()` invocation in\n' +
    'C:\\Users\\HP\\Documents\\NextJS Projects\\med-dash\\backend\\src\\services\\booking.services.ts:123:20\n' +
    '\n' +
    '  120 }\n' +
    '  121 \n' +
    '  122 const [data, total] = await Promise.all([\n' +
    '→ 123   prisma.booking.findMany({\n' +
    '          where: {\n' +
    '            slot: {\n' +
    '              doctorId: "58c92471-ae69-44c6-9de5-7f2c7202a609"\n' +
    '            },\n' +
    '            status: "COMPLETED"\n' +
    '                    ~~~~~~~~~~~\n' +
    '          },\n' +
    '          include: {\n' +
    '            user: true,\n' +
    '            slot: true\n' +
    '          },\n' +
    '          skip: 0,\n' +
    '          take: 20,\n' +
    '          orderBy: {\n' +
    '            createdAt: "desc"\n' +
    '          }\n' +
    '        })\n' +
    '\n' +
    'Invalid value for argument `status`. Expected BookingStatus.',
  target: 'booking.findMany',
  timestamp: 2026-05-05T16:20:13.942Z,
  level: 'error'
}
{
  service: 'api',
  message: 'Prisma error \n' +
    'Invalid `prisma.booking.count()` invocation in\n' +
    'C:\\Users\\HP\\Documents\\NextJS Projects\\med-dash\\backend\\src\\services\\booking.services.ts:135:20\n' +
    '\n' +
    "  132     createdAt: 'desc',\n" +
    '  133   },\n' +
    '  134 }),\n' +
    '→ 135 prisma.booking.count({\n' +
    '        select: {\n' +
    '          _count: {\n' +
    '            select: {\n' +
    '              _all: true\n' +
    '            }\n' +
    '          }\n' +
    '        },\n' +
    '        where: {\n' +
    '          slot: {\n' +
    '            doctorId: "58c92471-ae69-44c6-9de5-7f2c7202a609"\n' +
    '          },\n' +
    '          status: "NO_SHOW"\n' +
    '                  ~~~~~~~~~\n' +
    '        }\n' +
    '      })\n' +
    '\n' +
    'Invalid value for argument `status`. Expected BookingStatus.',
  target: 'booking.count',
  timestamp: 2026-05-05T16:20:17.275Z,
  level: 'error'
}
{
  service: 'api',
  message: 'Prisma error \n' +
    'Invalid `prisma.booking.findMany()` invocation in\n' +
    'C:\\Users\\HP\\Documents\\NextJS Projects\\med-dash\\backend\\src\\services\\booking.services.ts:123:20\n' +
    '\n' +
    '  120 }\n' +
    '  121 \n' +
    '  122 const [data, total] = await Promise.all([\n' +
    '→ 123   prisma.booking.findMany({\n' +
    '          where: {\n' +
    '            slot: {\n' +
    '              doctorId: "58c92471-ae69-44c6-9de5-7f2c7202a609"\n' +
    '            },\n' +
    '            status: "NO_SHOW"\n' +
    '                    ~~~~~~~~~\n' +
    '          },\n' +
    '          include: {\n' +
    '            user: true,\n' +
    '            slot: true\n' +
    '          },\n' +
    '          skip: 0,\n' +
    '          take: 20,\n' +
    '          orderBy: {\n' +
    '            createdAt: "desc"\n' +
    '          }\n' +
    '        })\n' +
    '\n' +
    'Invalid value for argument `status`. Expected BookingStatus.',
  target: 'booking.findMany',
  timestamp: 2026-05-05T16:20:17.285Z,
  level: 'error'
}
{
  service: 'api',
  message: 'Prisma error \n' +
    'Invalid `prisma.booking.count()` invocation in\n' +
    'C:\\Users\\HP\\Documents\\NextJS Projects\\med-dash\\backend\\src\\services\\booking.services.ts:135:20\n' +
    '\n' +
    "  132     createdAt: 'desc',\n" +
    '  133   },\n' +
    '  134 }),\n' +
    '→ 135 prisma.booking.count({\n' +
    '        select: {\n' +
    '          _count: {\n' +
    '            select: {\n' +
    '              _all: true\n' +
    '            }\n' +
    '          }\n' +
    '        },\n' +
    '        where: {\n' +
    '          slot: {\n' +
    '            doctorId: "58c92471-ae69-44c6-9de5-7f2c7202a609"\n' +
    '          },\n' +
    '          status: "NO_SHOW"\n' +
    '                  ~~~~~~~~~\n' +
    '        }\n' +
    '      })\n' +
    '\n' +
    'Invalid value for argument `status`. Expected BookingStatus.',
  target: 'booking.count',
  timestamp: 2026-05-05T16:20:18.316Z,
  level: 'error'
}
{
  service: 'api',
  message: 'Prisma error \n' +
    'Invalid `prisma.booking.findMany()` invocation in\n' +
    'C:\\Users\\HP\\Documents\\NextJS Projects\\med-dash\\backend\\src\\services\\booking.services.ts:123:20\n' +
    '\n' +
    '  120 }\n' +
    '  121 \n' +
    '  122 const [data, total] = await Promise.all([\n' +
    '→ 123   prisma.booking.findMany({\n' +
    '          where: {\n' +
    '            slot: {\n' +
    '              doctorId: "58c92471-ae69-44c6-9de5-7f2c7202a609"\n' +
    '            },\n' +
    '            status: "NO_SHOW"\n' +
    '                    ~~~~~~~~~\n' +
    '          },\n' +
    '          include: {\n' +
    '            user: true,\n' +
    '            slot: true\n' +
    '          },\n' +
    '          skip: 0,\n' +
    '          take: 20,\n' +
    '          orderBy: {\n' +
    '            createdAt: "desc"\n' +
    '          }\n' +
    '        })\n' +
    '\n' +
    'Invalid value for argument `status`. Expected BookingStatus.',
  target: 'booking.findMany',
  timestamp: 2026-05-05T16:20:18.329Z,
  level: 'error'
}
{
  service: 'api',
  message: 'Prisma error \n' +
    'Invalid `prisma.booking.count()` invocation in\n' +
    'C:\\Users\\HP\\Documents\\NextJS Projects\\med-dash\\backend\\src\\services\\booking.services.ts:135:20\n' +
    '\n' +
    "  132     createdAt: 'desc',\n" +
    '  133   },\n' +
    '  134 }),\n' +
    '→ 135 prisma.booking.count({\n' +
    '        select: {\n' +
    '          _count: {\n' +
    '            select: {\n' +
    '              _all: true\n' +
    '            }\n' +
    '          }\n' +
    '        },\n' +
    '        where: {\n' +
    '          slot: {\n' +
    '            doctorId: "58c92471-ae69-44c6-9de5-7f2c7202a609"\n' +
    '          },\n' +
    '          status: "NO_SHOW"\n' +
    '                  ~~~~~~~~~\n' +
    '        }\n' +
    '      })\n' +
    '\n' +
    'Invalid value for argument `status`. Expected BookingStatus.',
  target: 'booking.count',
  timestamp: 2026-05-05T16:20:20.373Z,
  level: 'error'
}
{
  service: 'api',
  message: 'Prisma error \n' +
    'Invalid `prisma.booking.findMany()` invocation in\n' +
    'C:\\Users\\HP\\Documents\\NextJS Projects\\med-dash\\backend\\src\\services\\booking.services.ts:123:20\n' +
    '\n' +
    '  120 }\n' +
    '  121 \n' +
    '  122 const [data, total] = await Promise.all([\n' +
    '→ 123   prisma.booking.findMany({\n' +
    '          where: {\n' +
    '            slot: {\n' +
    '              doctorId: "58c92471-ae69-44c6-9de5-7f2c7202a609"\n' +
    '            },\n' +
    '            status: "NO_SHOW"\n' +
    '                    ~~~~~~~~~\n' +
    '          },\n' +
    '          include: {\n' +
    '            user: true,\n' +
    '            slot: true\n' +
    '          },\n' +
    '          skip: 0,\n' +
    '          take: 20,\n' +
    '          orderBy: {\n' +
    '            createdAt: "desc"\n' +
    '          }\n' +
    '        })\n' +
    '\n' +
    'Invalid value for argument `status`. Expected BookingStatus.',
  target: 'booking.findMany',
  timestamp: 2026-05-05T16:20:20.383Z,
  level: 'error'
}
{
  service: 'api',
  message: 'Prisma error \n' +
    'Invalid `tx.booking.update()` invocation in\n' +
    'C:\\Users\\HP\\Documents\\NextJS Projects\\med-dash\\backend\\src\\services\\booking.services.ts:44:22\n' +
    '\n' +
    '  41 \n' +
    "  42 if (!booking) throw new Error('Booking not found')\n" +
    '  43 \n' +
    '→ 44 await tx.booking.update({\n' +
    '       where: {\n' +
    '         id: "9798ea3e-2552-4fde-9beb-c9782b655a5c"\n' +
    '       },\n' +
    '       data: {\n' +
    '         status: "COMPLETED"\n' +
    '                 ~~~~~~~~~~~\n' +
    '       }\n' +
    '     })\n' +
    '\n' +
    'Invalid value for argument `status`. Expected BookingStatus.',
  target: 'booking.update',
  timestamp: 2026-05-08T13:04:33.598Z,
  level: 'error'
}
{
  service: 'api',
  message: 'Prisma error \n' +
    'Invalid `tx.booking.update()` invocation in\n' +
    'C:\\Users\\HP\\Documents\\NextJS Projects\\med-dash\\backend\\src\\services\\booking.services.ts:44:22\n' +
    '\n' +
    '  41 \n' +
    "  42 if (!booking) throw new Error('Booking not found')\n" +
    '  43 \n' +
    '→ 44 await tx.booking.update({\n' +
    '       where: {\n' +
    '         id: "9798ea3e-2552-4fde-9beb-c9782b655a5c"\n' +
    '       },\n' +
    '       data: {\n' +
    '         status: "COMPLETED"\n' +
    '                 ~~~~~~~~~~~\n' +
    '       }\n' +
    '     })\n' +
    '\n' +
    'Invalid value for argument `status`. Expected BookingStatus.',
  target: 'booking.update',
  timestamp: 2026-05-08T13:04:56.807Z,
  level: 'error'
}
{
  service: 'api',
  message: 'Prisma error \n' +
    'Invalid `tx.booking.update()` invocation in\n' +
    'C:\\Users\\HP\\Documents\\NextJS Projects\\med-dash\\backend\\src\\services\\booking.services.ts:44:22\n' +
    '\n' +
    '  41 \n' +
    "  42 if (!booking) throw new Error('Booking not found')\n" +
    '  43 \n' +
    '→ 44 await tx.booking.update({\n' +
    '       where: {\n' +
    '         id: "5121550e-6fa5-4956-9a53-8d004351ef90"\n' +
    '       },\n' +
    '       data: {\n' +
    '         status: "NO_SHOW"\n' +
    '                 ~~~~~~~~~\n' +
    '       }\n' +
    '     })\n' +
    '\n' +
    'Invalid value for argument `status`. Expected BookingStatus.',
  target: 'booking.update',
  timestamp: 2026-05-08T13:04:59.834Z,
  level: 'error'
}
{
  service: 'api',
  message: 'Prisma error \n' +
    'Invalid `tx.booking.update()` invocation in\n' +
    'C:\\Users\\HP\\Documents\\NextJS Projects\\med-dash\\backend\\src\\services\\booking.services.ts:44:22\n' +
    '\n' +
    '  41 \n' +
    "  42 if (!booking) throw new Error('Booking not found')\n" +
    '  43 \n' +
    '→ 44 await tx.booking.update({\n' +
    '       where: {\n' +
    '         id: "9798ea3e-2552-4fde-9beb-c9782b655a5c"\n' +
    '       },\n' +
    '       data: {\n' +
    '         status: "COMPLETED"\n' +
    '                 ~~~~~~~~~~~\n' +
    '       }\n' +
    '     })\n' +
    '\n' +
    'Invalid value for argument `status`. Expected BookingStatus.',
  target: 'booking.update',
  timestamp: 2026-05-08T13:05:41.046Z,
  level: 'error'
}
{
  service: 'api',
  message: 'Prisma error \n' +
    'Invalid `tx.booking.update()` invocation in\n' +
    'C:\\Users\\HP\\Documents\\NextJS Projects\\med-dash\\backend\\src\\services\\booking.services.ts:44:22\n' +
    '\n' +
    '  41 \n' +
    "  42 if (!booking) throw new Error('Booking not found')\n" +
    '  43 \n' +
    '→ 44 await tx.booking.update({\n' +
    '       where: {\n' +
    '         id: "9798ea3e-2552-4fde-9beb-c9782b655a5c"\n' +
    '       },\n' +
    '       data: {\n' +
    '         status: "COMPLETED"\n' +
    '                 ~~~~~~~~~~~\n' +
    '       }\n' +
    '     })\n' +
    '\n' +
    'Invalid value for argument `status`. Expected BookingStatus.',
  target: 'booking.update',
  timestamp: 2026-05-10T13:03:16.836Z,
  level: 'error'
}
{
  service: 'api',
  message: 'Prisma error \n' +
    'Invalid `tx.booking.update()` invocation in\n' +
    'C:\\Users\\HP\\Documents\\NextJS Projects\\med-dash\\backend\\src\\services\\booking.services.ts:44:22\n' +
    '\n' +
    '  41 \n' +
    "  42 if (!booking) throw new Error('Booking not found')\n" +
    '  43 \n' +
    '→ 44 await tx.booking.update({\n' +
    '       where: {\n' +
    '         id: "9798ea3e-2552-4fde-9beb-c9782b655a5c"\n' +
    '       },\n' +
    '       data: {\n' +
    '         status: "NO_SHOW"\n' +
    '                 ~~~~~~~~~\n' +
    '       }\n' +
    '     })\n' +
    '\n' +
    'Invalid value for argument `status`. Expected BookingStatus.',
  target: 'booking.update',
  timestamp: 2026-05-10T13:03:26.682Z,
  level: 'error'
}
{
  service: 'api',
  message: 'Prisma error \n' +
    'Invalid `tx.booking.update()` invocation in\n' +
    'C:\\Users\\HP\\Documents\\NextJS Projects\\med-dash\\backend\\src\\services\\booking.services.ts:44:22\n' +
    '\n' +
    '  41 \n' +
    "  42 if (!booking) throw new Error('Booking not found')\n" +
    '  43 \n' +
    '→ 44 await tx.booking.update({\n' +
    '       where: {\n' +
    '         id: "9842a4ea-1510-44f5-a819-51eba59938da"\n' +
    '       },\n' +
    '       data: {\n' +
    '         status: "COMPLETED"\n' +
    '                 ~~~~~~~~~~~\n' +
    '       }\n' +
    '     })\n' +
    '\n' +
    'Invalid value for argument `status`. Expected BookingStatus.',
  target: 'booking.update',
  timestamp: 2026-05-10T13:03:34.961Z,
  level: 'error'
}
{
  service: 'api',
  message: 'Prisma error \n' +
    'Invalid `tx.booking.create()` invocation in\n' +
    'C:\\Users\\HP\\Documents\\NextJS Projects\\med-dash\\backend\\src\\services\\booking.services.ts:18:38\n' +
    '\n' +
    "  15 if (!slot) throw new Error('Slot not found')\n" +
    "  16 if (slot.isBooked) throw new Error('Slot already booked')\n" +
    '  17 \n' +
    '→ 18 const booking = await tx.booking.create(\n' +
    'Unique constraint failed on the fields: (`slotId`)',
  target: 'booking.create',
  timestamp: 2026-05-10T13:14:38.051Z,
  level: 'error'
}
{
  service: 'api',
  message: 'Prisma error \n' +
    'Invalid `tx.booking.create()` invocation in\n' +
    'C:\\Users\\HP\\Documents\\NextJS Projects\\med-dash\\backend\\src\\services\\booking.services.ts:18:38\n' +
    '\n' +
    "  15 if (!slot) throw new Error('Slot not found')\n" +
    "  16 if (slot.isBooked) throw new Error('Slot already booked')\n" +
    '  17 \n' +
    '→ 18 const booking = await tx.booking.create(\n' +
    'Unique constraint failed on the fields: (`slotId`)',
  target: 'booking.create',
  timestamp: 2026-05-10T13:14:43.911Z,
  level: 'error'
}
{
  service: 'api',
  message: 'Prisma error \n' +
    'Invalid `tx.booking.update()` invocation in\n' +
    'C:\\Users\\HP\\Documents\\NextJS Projects\\med-dash\\backend\\src\\services\\booking.services.ts:44:22\n' +
    '\n' +
    '  41 \n' +
    "  42 if (!booking) throw new Error('Booking not found')\n" +
    '  43 \n' +
    '→ 44 await tx.booking.update({\n' +
    '       where: {\n' +
    '         id: "9842a4ea-1510-44f5-a819-51eba59938da"\n' +
    '       },\n' +
    '       data: {\n' +
    '         status: "COMPLETED"\n' +
    '                 ~~~~~~~~~~~\n' +
    '       }\n' +
    '     })\n' +
    '\n' +
    'Invalid value for argument `status`. Expected BookingStatus.',
  target: 'booking.update',
  timestamp: 2026-05-10T14:47:43.206Z,
  level: 'error'
}
{
  service: 'api',
  message: 'Prisma error \n' +
    'Invalid `tx.booking.update()` invocation in\n' +
    'C:\\Users\\HP\\Documents\\NextJS Projects\\med-dash\\backend\\src\\services\\booking.services.ts:44:22\n' +
    '\n' +
    '  41 \n' +
    "  42 if (!booking) throw new Error('Booking not found')\n" +
    '  43 \n' +
    '→ 44 await tx.booking.update({\n' +
    '       where: {\n' +
    '         id: "9842a4ea-1510-44f5-a819-51eba59938da"\n' +
    '       },\n' +
    '       data: {\n' +
    '         status: "COMPLETED"\n' +
    '                 ~~~~~~~~~~~\n' +
    '       }\n' +
    '     })\n' +
    '\n' +
    'Invalid value for argument `status`. Expected BookingStatus.',
  target: 'booking.update',
  timestamp: 2026-05-10T14:51:55.500Z,
  level: 'error'
}
{
  service: 'api',
  message: 'Prisma error \n' +
    'Invalid `prisma.loginHistory.create()` invocation in\n' +
    'C:\\Users\\HP\\Documents\\NextJS Projects\\med-dash\\backend\\src\\services\\auth.service.ts:186:29\n' +
    '\n' +
    '  183   failureReason?: string\n' +
    '  184 ) {\n' +
    '  185   if (!userId) return\n' +
    '→ 186   await prisma.loginHistory.create(\n' +
    'The column `login_history.userAgent` does not exist in the current database.',
  target: 'loginHistory.create',
  timestamp: 2026-05-10T15:05:15.981Z,
  level: 'error'
}
{
  service: 'api',
  message: 'Prisma error \n' +
    'Invalid `prisma.userSession.findFirst()` invocation in\n' +
    'C:\\Users\\HP\\Documents\\NextJS Projects\\med-dash\\backend\\src\\services\\auth.service.ts:171:29\n' +
    '\n' +
    '  168 }\n' +
    '  169 \n' +
    '  170 export async function getValidSession(refreshToken: string) {\n' +
    '→ 171   return prisma.userSession.findFirst(\n' +
    'The column `user_sessions.userAgent` does not exist in the current database.',
  target: 'userSession.findFirst',
  timestamp: 2026-05-10T15:05:16.831Z,
  level: 'error'
}
